Archive member included to satisfy reference by file (symbol)

/usr/lib/gcc/arm-none-eabi/9.3.0/../../../../arm-none-eabi/lib/thumb/v7e-m+dp/hard/libc_nano.a(lib_a-atexit.o)
                              /usr/lib/gcc/arm-none-eabi/9.3.0/../../../../arm-none-eabi/lib/thumb/v7e-m+dp/hard/crt0.o (atexit)
/usr/lib/gcc/arm-none-eabi/9.3.0/../../../../arm-none-eabi/lib/thumb/v7e-m+dp/hard/libc_nano.a(lib_a-errno.o)
                              build/sysmem.o (__errno)
/usr/lib/gcc/arm-none-eabi/9.3.0/../../../../arm-none-eabi/lib/thumb/v7e-m+dp/hard/libc_nano.a(lib_a-exit.o)
                              /usr/lib/gcc/arm-none-eabi/9.3.0/../../../../arm-none-eabi/lib/thumb/v7e-m+dp/hard/crt0.o (exit)
/usr/lib/gcc/arm-none-eabi/9.3.0/../../../../arm-none-eabi/lib/thumb/v7e-m+dp/hard/libc_nano.a(lib_a-fini.o)
                              /usr/lib/gcc/arm-none-eabi/9.3.0/../../../../arm-none-eabi/lib/thumb/v7e-m+dp/hard/crt0.o (__libc_fini_array)
/usr/lib/gcc/arm-none-eabi/9.3.0/../../../../arm-none-eabi/lib/thumb/v7e-m+dp/hard/libc_nano.a(lib_a-impure.o)
                              /usr/lib/gcc/arm-none-eabi/9.3.0/../../../../arm-none-eabi/lib/thumb/v7e-m+dp/hard/libc_nano.a(lib_a-exit.o) (_global_impure_ptr)
/usr/lib/gcc/arm-none-eabi/9.3.0/../../../../arm-none-eabi/lib/thumb/v7e-m+dp/hard/libc_nano.a(lib_a-init.o)
                              /usr/lib/gcc/arm-none-eabi/9.3.0/../../../../arm-none-eabi/lib/thumb/v7e-m+dp/hard/crt0.o (__libc_init_array)
/usr/lib/gcc/arm-none-eabi/9.3.0/../../../../arm-none-eabi/lib/thumb/v7e-m+dp/hard/libc_nano.a(lib_a-memcpy-stub.o)
                              build/main.o (memcpy)
/usr/lib/gcc/arm-none-eabi/9.3.0/../../../../arm-none-eabi/lib/thumb/v7e-m+dp/hard/libc_nano.a(lib_a-memset.o)
                              /usr/lib/gcc/arm-none-eabi/9.3.0/../../../../arm-none-eabi/lib/thumb/v7e-m+dp/hard/crt0.o (memset)
/usr/lib/gcc/arm-none-eabi/9.3.0/../../../../arm-none-eabi/lib/thumb/v7e-m+dp/hard/libc_nano.a(lib_a-sprintf.o)
                              build/main.o (sprintf)
/usr/lib/gcc/arm-none-eabi/9.3.0/../../../../arm-none-eabi/lib/thumb/v7e-m+dp/hard/libc_nano.a(lib_a-strcat.o)
                              build/main.o (strcat)
/usr/lib/gcc/arm-none-eabi/9.3.0/../../../../arm-none-eabi/lib/thumb/v7e-m+dp/hard/libc_nano.a(lib_a-strcmp.o)
                              build/main.o (strcmp)
/usr/lib/gcc/arm-none-eabi/9.3.0/../../../../arm-none-eabi/lib/thumb/v7e-m+dp/hard/libc_nano.a(lib_a-strlen.o)
                              build/main.o (strlen)
/usr/lib/gcc/arm-none-eabi/9.3.0/../../../../arm-none-eabi/lib/thumb/v7e-m+dp/hard/libc_nano.a(lib_a-strncpy.o)
                              build/main.o (strncpy)
/usr/lib/gcc/arm-none-eabi/9.3.0/../../../../arm-none-eabi/lib/thumb/v7e-m+dp/hard/libc_nano.a(lib_a-__atexit.o)
                              /usr/lib/gcc/arm-none-eabi/9.3.0/../../../../arm-none-eabi/lib/thumb/v7e-m+dp/hard/libc_nano.a(lib_a-atexit.o) (__register_exitproc)
/usr/lib/gcc/arm-none-eabi/9.3.0/../../../../arm-none-eabi/lib/thumb/v7e-m+dp/hard/libc_nano.a(lib_a-__call_atexit.o)
                              /usr/lib/gcc/arm-none-eabi/9.3.0/../../../../arm-none-eabi/lib/thumb/v7e-m+dp/hard/libc_nano.a(lib_a-__atexit.o) (__call_exitprocs)
/usr/lib/gcc/arm-none-eabi/9.3.0/../../../../arm-none-eabi/lib/thumb/v7e-m+dp/hard/libc_nano.a(lib_a-lock.o)
                              /usr/lib/gcc/arm-none-eabi/9.3.0/../../../../arm-none-eabi/lib/thumb/v7e-m+dp/hard/libc_nano.a(lib_a-__atexit.o) (__retarget_lock_acquire_recursive)
/usr/lib/gcc/arm-none-eabi/9.3.0/../../../../arm-none-eabi/lib/thumb/v7e-m+dp/hard/libc_nano.a(lib_a-nano-svfprintf.o)
                              /usr/lib/gcc/arm-none-eabi/9.3.0/../../../../arm-none-eabi/lib/thumb/v7e-m+dp/hard/libc_nano.a(lib_a-sprintf.o) (_svfprintf_r)
/usr/lib/gcc/arm-none-eabi/9.3.0/../../../../arm-none-eabi/lib/thumb/v7e-m+dp/hard/libc_nano.a(lib_a-nano-vfprintf_i.o)
                              /usr/lib/gcc/arm-none-eabi/9.3.0/../../../../arm-none-eabi/lib/thumb/v7e-m+dp/hard/libc_nano.a(lib_a-nano-svfprintf.o) (_printf_i)
/usr/lib/gcc/arm-none-eabi/9.3.0/../../../../arm-none-eabi/lib/thumb/v7e-m+dp/hard/libc_nano.a(lib_a-memchr.o)
                              /usr/lib/gcc/arm-none-eabi/9.3.0/../../../../arm-none-eabi/lib/thumb/v7e-m+dp/hard/libc_nano.a(lib_a-nano-svfprintf.o) (memchr)
/usr/lib/gcc/arm-none-eabi/9.3.0/../../../../arm-none-eabi/lib/thumb/v7e-m+dp/hard/libc_nano.a(lib_a-memmove.o)
                              /usr/lib/gcc/arm-none-eabi/9.3.0/../../../../arm-none-eabi/lib/thumb/v7e-m+dp/hard/libc_nano.a(lib_a-nano-svfprintf.o) (memmove)
/usr/lib/gcc/arm-none-eabi/9.3.0/../../../../arm-none-eabi/lib/thumb/v7e-m+dp/hard/libc_nano.a(lib_a-nano-freer.o)
                              /usr/lib/gcc/arm-none-eabi/9.3.0/../../../../arm-none-eabi/lib/thumb/v7e-m+dp/hard/libc_nano.a(lib_a-nano-svfprintf.o) (_free_r)
[...]
Memory Configuration

Name             Origin             Length             Attributes
DTCMRAM          0x0000000020000000 0x0000000000020000 xrw
RAM              0x0000000024000000 0x0000000000080000 xrw
RAM_D2           0x0000000030000000 0x0000000000048000 xrw
RAM_D3           0x0000000038000000 0x0000000000010000 xrw
ITCMRAM          0x0000000000000000 0x0000000000010000 xrw
FLASH            0x0000000008000000 0x0000000000200000 xr
*default*        0x0000000000000000 0xffffffffffffffff

Linker script and memory map

LOAD /usr/lib/gcc/arm-none-eabi/9.3.0/thumb/v7e-m+dp/hard/crti.o
LOAD /usr/lib/gcc/arm-none-eabi/9.3.0/thumb/v7e-m+dp/hard/crtbegin.o
LOAD /usr/lib/gcc/arm-none-eabi/9.3.0/../../../../arm-none-eabi/lib/thumb/v7e-m+dp/hard/crt0.o
LOAD build/main.o
LOAD build/stm32h7xx_it.o
LOAD build/stm32h7xx_hal_msp.o
LOAD build/stm32h7xx_hal_cortex.o
LOAD build/stm32h7xx_hal_rcc.o
LOAD build/stm32h7xx_hal_rcc_ex.o
LOAD build/stm32h7xx_hal_flash.o
LOAD build/stm32h7xx_hal_flash_ex.o
LOAD build/stm32h7xx_hal_gpio.o
LOAD build/stm32h7xx_hal_hsem.o
LOAD build/stm32h7xx_hal_dma.o
LOAD build/stm32h7xx_hal_dma_ex.o
LOAD build/stm32h7xx_hal_mdma.o
LOAD build/stm32h7xx_hal_pwr.o
LOAD build/stm32h7xx_hal_pwr_ex.o
LOAD build/stm32h7xx_hal.o
LOAD build/stm32h7xx_hal_i2c.o
LOAD build/stm32h7xx_hal_i2c_ex.o
LOAD build/stm32h7xx_hal_exti.o
LOAD build/stm32h7xx_hal_tim.o
LOAD build/stm32h7xx_hal_tim_ex.o
LOAD build/stm32h7xx_hal_uart.o
LOAD build/stm32h7xx_hal_uart_ex.o
LOAD build/system_stm32h7xx.o
LOAD build/sysmem.o
LOAD build/syscalls.o
LOAD build/startup_stm32h753xx.o
LOAD /usr/lib/gcc/arm-none-eabi/9.3.0/../../../../arm-none-eabi/lib/thumb/v7e-m+dp/hard/libc_nano.a
LOAD /usr/lib/gcc/arm-none-eabi/9.3.0/../../../../arm-none-eabi/lib/thumb/v7e-m+dp/hard/libm.a
LOAD /usr/lib/gcc/arm-none-eabi/9.3.0/../../../../arm-none-eabi/lib/thumb/v7e-m+dp/hard/libnosys.a
START GROUP
LOAD /usr/lib/gcc/arm-none-eabi/9.3.0/thumb/v7e-m+dp/hard/libgcc.a
LOAD /usr/lib/gcc/arm-none-eabi/9.3.0/../../../../arm-none-eabi/lib/thumb/v7e-m+dp/hard/libc_nano.a
END GROUP
START GROUP
LOAD /usr/lib/gcc/arm-none-eabi/9.3.0/thumb/v7e-m+dp/hard/libgcc.a
LOAD /usr/lib/gcc/arm-none-eabi/9.3.0/../../../../arm-none-eabi/lib/thumb/v7e-m+dp/hard/libc_nano.a
END GROUP
LOAD /usr/lib/gcc/arm-none-eabi/9.3.0/thumb/v7e-m+dp/hard/crtend.o
LOAD /usr/lib/gcc/arm-none-eabi/9.3.0/thumb/v7e-m+dp/hard/crtn.o
                0x0000000020020000                _estack = (ORIGIN (DTCMRAM) + LENGTH (DTCMRAM))
                0x000000002001fc00                _sstack = (_estack - _Min_Stack_Size)
                0x0000000000000200                _Min_Heap_Size = 0x200
                0x0000000000000400                _Min_Stack_Size = 0x400

.isr_vector     0x0000000008000000      0x298
                0x0000000008000000                . = ALIGN (0x4)
 *(.isr_vector)
 .isr_vector    0x0000000008000000      0x298 build/startup_stm32h753xx.o
                0x0000000008000000                g_pfnVectors
                0x0000000008000298                . = ALIGN (0x4)

.dma_buffer     0x0000000030000000      0x200
                0x0000000030000000                . = ALIGN (0x20)
 *(.dma_buffer)
 .dma_buffer    0x0000000030000000      0x200 build/main.o
                0x0000000030000000                conn_msg
                0x0000000030000100                rx3_buf

.text           0x00000000080002a0     0x64f4
                0x00000000080002a0                . = ALIGN (0x4)
 *(.text)
 .text          0x00000000080002a0       0x14 /usr/lib/gcc/arm-none-eabi/9.3.0/../../../../arm-none-eabi/lib/thumb/v7e-m+dp/hard/libc_nano.a(lib_a-strcmp.o)
                0x00000000080002a0                strcmp
 .text          0x00000000080002b4       0x10 /usr/lib/gcc/arm-none-eabi/9.3.0/../../../../arm-none-eabi/lib/thumb/v7e-m+dp/hard/libc_nano.a(lib_a-strlen.o)
                0x00000000080002b4                strlen
 *fill*         0x00000000080002c4        0xc 
 .text          0x00000000080002d0       0xa0 /usr/lib/gcc/arm-none-eabi/9.3.0/../../../../arm-none-eabi/lib/thumb/v7e-m+dp/hard/libc_nano.a(lib_a-memchr.o)
                0x00000000080002d0                memchr
 .text          0x0000000008000370       0x30 /usr/lib/gcc/arm-none-eabi/9.3.0/thumb/v7e-m+dp/hard/libgcc.a(_aeabi_uldivmod.o)
                0x0000000008000370                __aeabi_uldivmod
 .text          0x00000000080003a0        0x4 /usr/lib/gcc/arm-none-eabi/9.3.0/thumb/v7e-m+dp/hard/libgcc.a(_dvmd_tls.o)
                0x00000000080003a0                __aeabi_ldiv0
                0x00000000080003a0                __aeabi_idiv0
 *(.text*)
 .text.deregister_tm_clones
                0x00000000080003a4       0x1c /usr/lib/gcc/arm-none-eabi/9.3.0/thumb/v7e-m+dp/hard/crtbegin.o
 .text.register_tm_clones
                0x00000000080003c0       0x24 /usr/lib/gcc/arm-none-eabi/9.3.0/thumb/v7e-m+dp/hard/crtbegin.o
 .text.__do_global_dtors_aux
                0x00000000080003e4       0x28 /usr/lib/gcc/arm-none-eabi/9.3.0/thumb/v7e-m+dp/hard/crtbegin.o
 .text.frame_dummy
                0x000000000800040c       0x24 /usr/lib/gcc/arm-none-eabi/9.3.0/thumb/v7e-m+dp/hard/crtbegin.o
 .text.MX_GPIO_Init
                0x0000000008000430      0x1ac build/main.o
 .text.MPU_Config
                0x00000000080005dc       0x56 build/main.o
 *fill*         0x0000000008000632        0x2 
 .text.MX_DMA_Init
                0x0000000008000634       0x48 build/main.o
 .text.do_Tx    0x000000000800067c       0x10 build/main.o
                0x000000000800067c                do_Tx
 .text.set_pin_output
                0x000000000800068c       0x28 build/main.o
                0x000000000800068c                set_pin_output
 .text.set_pin_input
                0x00000000080006b4       0x28 build/main.o
                0x00000000080006b4                set_pin_input
 .text.apply_pin_config
                0x00000000080006dc       0xcc build/main.o
                0x00000000080006dc                apply_pin_config
 .text.trim_leading
                0x00000000080007a8       0x1c build/main.o
                0x00000000080007a8                trim_leading
 .text.process_ascii_input
                0x00000000080007c4       0x54 build/main.o
                0x00000000080007c4                process_ascii_input
 .text.process_hex_input
                0x0000000008000818       0x60 build/main.o
                0x0000000008000818                process_hex_input
 .text.HAL_UARTEx_RxEventCallback
                0x0000000008000878       0x3c build/main.o
                0x0000000008000878                HAL_UARTEx_RxEventCallback
 .text.HAL_UART_ErrorCallback
                0x00000000080008b4       0x54 build/main.o
                0x00000000080008b4                HAL_UART_ErrorCallback
 .text.Error_Handler
                0x0000000008000908        0x4 build/main.o
                0x0000000008000908                Error_Handler
 .text.MX_USART3_UART_Init
                0x000000000800090c       0x70 build/main.o
 .text.SystemClock_Config
                0x000000000800097c       0xa4 build/main.o
                0x000000000800097c                SystemClock_Config
 .text.main     0x0000000008000a20      0x278 build/main.o
                0x0000000008000a20                main
 .text.NMI_Handler
                0x0000000008000c98        0x2 build/stm32h7xx_it.o
                0x0000000008000c98                NMI_Handler
 .text.HardFault_Handler
                0x0000000008000c9a        0x2 build/stm32h7xx_it.o
                0x0000000008000c9a                HardFault_Handler
 .text.MemManage_Handler
                0x0000000008000c9c        0x2 build/stm32h7xx_it.o
                0x0000000008000c9c                MemManage_Handler
 .text.BusFault_Handler
                0x0000000008000c9e        0x2 build/stm32h7xx_it.o
                0x0000000008000c9e                BusFault_Handler
 .text.UsageFault_Handler
                0x0000000008000ca0        0x2 build/stm32h7xx_it.o
                0x0000000008000ca0                UsageFault_Handler
 .text.SVC_Handler
                0x0000000008000ca2        0x2 build/stm32h7xx_it.o
                0x0000000008000ca2                SVC_Handler
 .text.DebugMon_Handler
                0x0000000008000ca4        0x2 build/stm32h7xx_it.o
                0x0000000008000ca4                DebugMon_Handler
 .text.PendSV_Handler
                0x0000000008000ca6        0x2 build/stm32h7xx_it.o
                0x0000000008000ca6                PendSV_Handler
 .text.SysTick_Handler
                0x0000000008000ca8        0x8 build/stm32h7xx_it.o
                0x0000000008000ca8                SysTick_Handler
 .text.DMA1_Stream0_IRQHandler
                0x0000000008000cb0       0x10 build/stm32h7xx_it.o
                0x0000000008000cb0                DMA1_Stream0_IRQHandler
 .text.DMA1_Stream1_IRQHandler
                0x0000000008000cc0       0x10 build/stm32h7xx_it.o
                0x0000000008000cc0                DMA1_Stream1_IRQHandler
 .text.USART3_IRQHandler
                0x0000000008000cd0       0x10 build/stm32h7xx_it.o
                0x0000000008000cd0                USART3_IRQHandler
 .text.HAL_MspInit
                0x0000000008000ce0       0x24 build/stm32h7xx_hal_msp.o
                0x0000000008000ce0                HAL_MspInit
 .text.HAL_UART_MspInit
                0x0000000008000d04      0x128 build/stm32h7xx_hal_msp.o
                0x0000000008000d04                HAL_UART_MspInit
 .text.HAL_NVIC_SetPriorityGrouping
                0x0000000008000e2c       0x24 build/stm32h7xx_hal_cortex.o
                0x0000000008000e2c                HAL_NVIC_SetPriorityGrouping
 .text.HAL_NVIC_SetPriority
                0x0000000008000e50       0x64 build/stm32h7xx_hal_cortex.o
                0x0000000008000e50                HAL_NVIC_SetPriority
 .text.HAL_NVIC_EnableIRQ
                0x0000000008000eb4       0x1c build/stm32h7xx_hal_cortex.o
                0x0000000008000eb4                HAL_NVIC_EnableIRQ
 .text.HAL_SYSTICK_Config
                0x0000000008000ed0       0x2c build/stm32h7xx_hal_cortex.o
                0x0000000008000ed0                HAL_SYSTICK_Config
 .text.HAL_MPU_Disable
                0x0000000008000efc       0x20 build/stm32h7xx_hal_cortex.o
                0x0000000008000efc                HAL_MPU_Disable
 .text.HAL_MPU_Enable
                0x0000000008000f1c       0x24 build/stm32h7xx_hal_cortex.o
                0x0000000008000f1c                HAL_MPU_Enable
 .text.HAL_MPU_ConfigRegion
                0x0000000008000f40       0x4c build/stm32h7xx_hal_cortex.o
                0x0000000008000f40                HAL_MPU_ConfigRegion
 .text.HAL_RCC_OscConfig
                0x0000000008000f8c      0x6b4 build/stm32h7xx_hal_rcc.o
                0x0000000008000f8c                HAL_RCC_OscConfig
 .text.HAL_RCC_GetSysClockFreq
                0x0000000008001640      0x1f4 build/stm32h7xx_hal_rcc.o
                0x0000000008001640                HAL_RCC_GetSysClockFreq
 .text.HAL_RCC_ClockConfig
                0x0000000008001834      0x294 build/stm32h7xx_hal_rcc.o
                0x0000000008001834                HAL_RCC_ClockConfig
 .text.HAL_RCC_GetHCLKFreq
                0x0000000008001ac8       0x44 build/stm32h7xx_hal_rcc.o
                0x0000000008001ac8                HAL_RCC_GetHCLKFreq
 .text.HAL_RCC_GetPCLK1Freq
                0x0000000008001b0c       0x24 build/stm32h7xx_hal_rcc.o
                0x0000000008001b0c                HAL_RCC_GetPCLK1Freq
 .text.HAL_RCC_GetPCLK2Freq
                0x0000000008001b30       0x24 build/stm32h7xx_hal_rcc.o
                0x0000000008001b30                HAL_RCC_GetPCLK2Freq
 .text.RCCEx_PLL2_Config
                0x0000000008001b54      0x10c build/stm32h7xx_hal_rcc_ex.o
 .text.RCCEx_PLL3_Config
                0x0000000008001c60      0x10c build/stm32h7xx_hal_rcc_ex.o
 .text.HAL_RCCEx_PeriphCLKConfig
                0x0000000008001d6c      0xb2c build/stm32h7xx_hal_rcc_ex.o
                0x0000000008001d6c                HAL_RCCEx_PeriphCLKConfig
 .text.HAL_RCCEx_GetD3PCLK1Freq
                0x0000000008002898       0x24 build/stm32h7xx_hal_rcc_ex.o
                0x0000000008002898                HAL_RCCEx_GetD3PCLK1Freq
 .text.HAL_RCCEx_GetPLL2ClockFreq
                0x00000000080028bc      0x1fc build/stm32h7xx_hal_rcc_ex.o
                0x00000000080028bc                HAL_RCCEx_GetPLL2ClockFreq
 .text.HAL_RCCEx_GetPLL3ClockFreq
                0x0000000008002ab8      0x1fc build/stm32h7xx_hal_rcc_ex.o
                0x0000000008002ab8                HAL_RCCEx_GetPLL3ClockFreq
 .text.HAL_GPIO_Init
                0x0000000008002cb4      0x1f4 build/stm32h7xx_hal_gpio.o
                0x0000000008002cb4                HAL_GPIO_Init
 .text.HAL_GPIO_ReadPin
                0x0000000008002ea8        0xe build/stm32h7xx_hal_gpio.o
                0x0000000008002ea8                HAL_GPIO_ReadPin
 .text.HAL_GPIO_WritePin
                0x0000000008002eb6        0xc build/stm32h7xx_hal_gpio.o
                0x0000000008002eb6                HAL_GPIO_WritePin
 *fill*         0x0000000008002ec2        0x2 
 .text.DMA_SetConfig
                0x0000000008002ec4      0x1b0 build/stm32h7xx_hal_dma.o
 .text.DMA_CalcBaseAndBitshift
                0x0000000008003074       0xb4 build/stm32h7xx_hal_dma.o
 .text.DMA_CheckFifoParam
                0x0000000008003128       0x92 build/stm32h7xx_hal_dma.o
 *fill*         0x00000000080031ba        0x2 
 .text.DMA_CalcDMAMUXChannelBaseAndMask
                0x00000000080031bc       0xb0 build/stm32h7xx_hal_dma.o
 .text.DMA_CalcDMAMUXRequestGenBaseAndMask
                0x000000000800326c       0x7c build/stm32h7xx_hal_dma.o
 .text.HAL_DMA_Init
                0x00000000080032e8      0x394 build/stm32h7xx_hal_dma.o
                0x00000000080032e8                HAL_DMA_Init
 .text.HAL_DMA_Start_IT
                0x000000000800367c      0x298 build/stm32h7xx_hal_dma.o
                0x000000000800367c                HAL_DMA_Start_IT
 .text.HAL_DMA_Abort
                0x0000000008003914      0x340 build/stm32h7xx_hal_dma.o
                0x0000000008003914                HAL_DMA_Abort
 .text.HAL_DMA_Abort_IT
                0x0000000008003c54      0x21c build/stm32h7xx_hal_dma.o
                0x0000000008003c54                HAL_DMA_Abort_IT
 .text.HAL_DMA_IRQHandler
                0x0000000008003e70      0x738 build/stm32h7xx_hal_dma.o
                0x0000000008003e70                HAL_DMA_IRQHandler
 .text.HAL_DMA_GetError
                0x00000000080045a8        0x4 build/stm32h7xx_hal_dma.o
                0x00000000080045a8                HAL_DMA_GetError
 .text.HAL_PWREx_ConfigSupply
                0x00000000080045ac       0x54 build/stm32h7xx_hal_pwr_ex.o
                0x00000000080045ac                HAL_PWREx_ConfigSupply
 .text.HAL_InitTick
                0x0000000008004600       0x50 build/stm32h7xx_hal.o
                0x0000000008004600                HAL_InitTick
 .text.HAL_Init
                0x0000000008004650       0x5c build/stm32h7xx_hal.o
                0x0000000008004650                HAL_Init
 .text.HAL_IncTick
                0x00000000080046ac       0x18 build/stm32h7xx_hal.o
                0x00000000080046ac                HAL_IncTick
 .text.HAL_GetTick
                0x00000000080046c4        0xc build/stm32h7xx_hal.o
                0x00000000080046c4                HAL_GetTick
 .text.HAL_Delay
                0x00000000080046d0       0x28 build/stm32h7xx_hal.o
                0x00000000080046d0                HAL_Delay
 .text.HAL_GetREVID
                0x00000000080046f8        0xc build/stm32h7xx_hal.o
                0x00000000080046f8                HAL_GetREVID
 .text.UART_EndTxTransfer
                0x0000000008004704       0x32 build/stm32h7xx_hal_uart.o
 *fill*         0x0000000008004736        0x2 
 .text.UART_EndRxTransfer
                0x0000000008004738       0x58 build/stm32h7xx_hal_uart.o
 .text.HAL_UART_Transmit_DMA
                0x0000000008004790       0xa0 build/stm32h7xx_hal_uart.o
                0x0000000008004790                HAL_UART_Transmit_DMA
 .text.HAL_UART_AbortReceive
                0x0000000008004830       0xb4 build/stm32h7xx_hal_uart.o
                0x0000000008004830                HAL_UART_AbortReceive
 .text.HAL_UART_TxCpltCallback
                0x00000000080048e4        0x2 build/stm32h7xx_hal_uart.o
                0x00000000080048e4                HAL_UART_TxCpltCallback
 .text.UART_DMATransmitCplt
                0x00000000080048e6       0x46 build/stm32h7xx_hal_uart.o
 .text.UART_EndTransmit_IT
                0x000000000800492c       0x24 build/stm32h7xx_hal_uart.o
 .text.HAL_UART_TxHalfCpltCallback
                0x0000000008004950        0x2 build/stm32h7xx_hal_uart.o
                0x0000000008004950                HAL_UART_TxHalfCpltCallback
 .text.UART_DMATxHalfCplt
                0x0000000008004952        0xa build/stm32h7xx_hal_uart.o
 .text.HAL_UART_RxCpltCallback
                0x000000000800495c        0x2 build/stm32h7xx_hal_uart.o
                0x000000000800495c                HAL_UART_RxCpltCallback
 .text.HAL_UART_RxHalfCpltCallback
                0x000000000800495e        0x2 build/stm32h7xx_hal_uart.o
                0x000000000800495e                HAL_UART_RxHalfCpltCallback
 .text.UART_DMAError
                0x0000000008004960       0x4c build/stm32h7xx_hal_uart.o
 .text.UART_DMAAbortOnError
                0x00000000080049ac        0xa build/stm32h7xx_hal_uart.o
 *fill*         0x00000000080049b6        0x2 
 .text.HAL_UART_IRQHandler
                0x00000000080049b8      0x3d4 build/stm32h7xx_hal_uart.o
                0x00000000080049b8                HAL_UART_IRQHandler
 .text.UART_DMARxHalfCplt
                0x0000000008004d8c       0xb0 build/stm32h7xx_hal_uart.o
 .text.UART_DMAReceiveCplt
                0x0000000008004e3c      0x120 build/stm32h7xx_hal_uart.o
 .text.UART_SetConfig
                0x0000000008004f5c      0x5fc build/stm32h7xx_hal_uart.o
                0x0000000008004f5c                UART_SetConfig
 .text.UART_AdvFeatureConfig
                0x0000000008005558       0xca build/stm32h7xx_hal_uart.o
                0x0000000008005558                UART_AdvFeatureConfig
 .text.UART_WaitOnFlagUntilTimeout
                0x0000000008005622       0xa6 build/stm32h7xx_hal_uart.o
                0x0000000008005622                UART_WaitOnFlagUntilTimeout
 .text.UART_CheckIdleState
                0x00000000080056c8       0xca build/stm32h7xx_hal_uart.o
                0x00000000080056c8                UART_CheckIdleState
 .text.HAL_UART_Init
                0x0000000008005792       0x66 build/stm32h7xx_hal_uart.o
                0x0000000008005792                HAL_UART_Init
 .text.UART_Start_Receive_DMA
                0x00000000080057f8       0xb0 build/stm32h7xx_hal_uart.o
                0x00000000080057f8                UART_Start_Receive_DMA
 .text.UARTEx_SetNbDataToProcess
                0x00000000080058a8       0x4c build/stm32h7xx_hal_uart_ex.o
 .text.HAL_UARTEx_WakeupCallback
                0x00000000080058f4        0x2 build/stm32h7xx_hal_uart_ex.o
                0x00000000080058f4                HAL_UARTEx_WakeupCallback
 .text.HAL_UARTEx_RxFifoFullCallback
                0x00000000080058f6        0x2 build/stm32h7xx_hal_uart_ex.o
                0x00000000080058f6                HAL_UARTEx_RxFifoFullCallback
 .text.HAL_UARTEx_TxFifoEmptyCallback
                0x00000000080058f8        0x2 build/stm32h7xx_hal_uart_ex.o
                0x00000000080058f8                HAL_UARTEx_TxFifoEmptyCallback
 .text.HAL_UARTEx_DisableFifoMode
                0x00000000080058fa       0x3e build/stm32h7xx_hal_uart_ex.o
                0x00000000080058fa                HAL_UARTEx_DisableFifoMode
 .text.HAL_UARTEx_SetTxFifoThreshold
                0x0000000008005938       0x4a build/stm32h7xx_hal_uart_ex.o
                0x0000000008005938                HAL_UARTEx_SetTxFifoThreshold
 .text.HAL_UARTEx_SetRxFifoThreshold
                0x0000000008005982       0x4a build/stm32h7xx_hal_uart_ex.o
                0x0000000008005982                HAL_UARTEx_SetRxFifoThreshold
 .text.HAL_UARTEx_ReceiveToIdle_DMA
                0x00000000080059cc       0x56 build/stm32h7xx_hal_uart_ex.o
                0x00000000080059cc                HAL_UARTEx_ReceiveToIdle_DMA
 *fill*         0x0000000008005a22        0x2 
 .text.SystemInit
                0x0000000008005a24       0xf0 build/system_stm32h7xx.o
                0x0000000008005a24                SystemInit
 .text.ExitRun0Mode
                0x0000000008005b14       0x18 build/system_stm32h7xx.o
                0x0000000008005b14                ExitRun0Mode
 .text._sbrk    0x0000000008005b2c       0x48 build/sysmem.o
                0x0000000008005b2c                _sbrk
 .text.Reset_Handler
                0x0000000008005b74       0x54 build/startup_stm32h753xx.o
                0x0000000008005b74                Reset_Handler
 .text.Default_Handler
                0x0000000008005bc8        0x2 build/startup_stm32h753xx.o
                0x0000000008005bc8                RTC_Alarm_IRQHandler
                0x0000000008005bc8                HASH_RNG_IRQHandler
                0x0000000008005bc8                EXTI2_IRQHandler
                0x0000000008005bc8                TIM8_CC_IRQHandler
                0x0000000008005bc8                HRTIM1_Master_IRQHandler
                0x0000000008005bc8                UART8_IRQHandler
                0x0000000008005bc8                SPI4_IRQHandler
                0x0000000008005bc8                TIM1_CC_IRQHandler
                0x0000000008005bc8                BDMA_Channel6_IRQHandler
                0x0000000008005bc8                DMA2_Stream5_IRQHandler
                0x0000000008005bc8                HRTIM1_FLT_IRQHandler
                0x0000000008005bc8                JPEG_IRQHandler
                0x0000000008005bc8                DMA1_Stream5_IRQHandler
                0x0000000008005bc8                BDMA_Channel1_IRQHandler
                0x0000000008005bc8                HRTIM1_TIMD_IRQHandler
                0x0000000008005bc8                TAMP_STAMP_IRQHandler
                0x0000000008005bc8                EXTI3_IRQHandler
                0x0000000008005bc8                LPTIM4_IRQHandler
                0x0000000008005bc8                TIM8_TRG_COM_TIM14_IRQHandler
                0x0000000008005bc8                LPTIM2_IRQHandler
                0x0000000008005bc8                DFSDM1_FLT1_IRQHandler
                0x0000000008005bc8                DMAMUX2_OVR_IRQHandler
                0x0000000008005bc8                TIM8_UP_TIM13_IRQHandler
                0x0000000008005bc8                I2C3_ER_IRQHandler
                0x0000000008005bc8                DFSDM1_FLT2_IRQHandler
                0x0000000008005bc8                MDMA_IRQHandler
                0x0000000008005bc8                LPTIM3_IRQHandler
                0x0000000008005bc8                HSEM1_IRQHandler
                0x0000000008005bc8                EXTI0_IRQHandler
                0x0000000008005bc8                I2C2_EV_IRQHandler
                0x0000000008005bc8                DMA1_Stream2_IRQHandler
                0x0000000008005bc8                FPU_IRQHandler
                0x0000000008005bc8                OTG_HS_WKUP_IRQHandler
                0x0000000008005bc8                FDCAN1_IT1_IRQHandler
                0x0000000008005bc8                LTDC_ER_IRQHandler
                0x0000000008005bc8                DMA2_Stream2_IRQHandler
                0x0000000008005bc8                HRTIM1_TIME_IRQHandler
                0x0000000008005bc8                SPI1_IRQHandler
                0x0000000008005bc8                TIM6_DAC_IRQHandler
                0x0000000008005bc8                DCMI_IRQHandler
                0x0000000008005bc8                HRTIM1_TIMC_IRQHandler
                0x0000000008005bc8                DMA2_Stream3_IRQHandler
                0x0000000008005bc8                SAI2_IRQHandler
                0x0000000008005bc8                DFSDM1_FLT3_IRQHandler
                0x0000000008005bc8                USART6_IRQHandler
                0x0000000008005bc8                TIM17_IRQHandler
                0x0000000008005bc8                BDMA_Channel7_IRQHandler
                0x0000000008005bc8                CRYP_IRQHandler
                0x0000000008005bc8                LPTIM5_IRQHandler
                0x0000000008005bc8                UART5_IRQHandler
                0x0000000008005bc8                ADC3_IRQHandler
                0x0000000008005bc8                DMA2_Stream0_IRQHandler
                0x0000000008005bc8                TIM4_IRQHandler
                0x0000000008005bc8                BDMA_Channel2_IRQHandler
                0x0000000008005bc8                QUADSPI_IRQHandler
                0x0000000008005bc8                I2C1_EV_IRQHandler
                0x0000000008005bc8                DMA1_Stream6_IRQHandler
                0x0000000008005bc8                DMAMUX1_OVR_IRQHandler
                0x0000000008005bc8                TIM16_IRQHandler
                0x0000000008005bc8                UART4_IRQHandler
                0x0000000008005bc8                BDMA_Channel5_IRQHandler
                0x0000000008005bc8                TIM3_IRQHandler
                0x0000000008005bc8                RCC_IRQHandler
                0x0000000008005bc8                TIM8_BRK_TIM12_IRQHandler
                0x0000000008005bc8                TIM1_TRG_COM_IRQHandler
                0x0000000008005bc8                Default_Handler
                0x0000000008005bc8                ECC_IRQHandler
                0x0000000008005bc8                CEC_IRQHandler
                0x0000000008005bc8                EXTI15_10_IRQHandler
                0x0000000008005bc8                BDMA_Channel0_IRQHandler
                0x0000000008005bc8                ADC_IRQHandler
                0x0000000008005bc8                DMA1_Stream7_IRQHandler
                0x0000000008005bc8                HRTIM1_TIMA_IRQHandler
                0x0000000008005bc8                SPI5_IRQHandler
                0x0000000008005bc8                TIM7_IRQHandler
                0x0000000008005bc8                SDMMC1_IRQHandler
                0x0000000008005bc8                TIM5_IRQHandler
                0x0000000008005bc8                DMA2_Stream7_IRQHandler
                0x0000000008005bc8                TIM15_IRQHandler
                0x0000000008005bc8                PVD_AVD_IRQHandler
                0x0000000008005bc8                I2C3_EV_IRQHandler
                0x0000000008005bc8                EXTI9_5_IRQHandler
                0x0000000008005bc8                RTC_WKUP_IRQHandler
                0x0000000008005bc8                LTDC_IRQHandler
                0x0000000008005bc8                SAI3_IRQHandler
                0x0000000008005bc8                ETH_WKUP_IRQHandler
                0x0000000008005bc8                SPDIF_RX_IRQHandler
                0x0000000008005bc8                SPI2_IRQHandler
                0x0000000008005bc8                OTG_HS_EP1_IN_IRQHandler
                0x0000000008005bc8                CRS_IRQHandler
                0x0000000008005bc8                EXTI4_IRQHandler
                0x0000000008005bc8                HRTIM1_TIMB_IRQHandler
                0x0000000008005bc8                FDCAN2_IT1_IRQHandler
                0x0000000008005bc8                ETH_IRQHandler
                0x0000000008005bc8                TIM1_UP_IRQHandler
                0x0000000008005bc8                BDMA_Channel4_IRQHandler
                0x0000000008005bc8                OTG_HS_EP1_OUT_IRQHandler
                0x0000000008005bc8                WWDG_IRQHandler
                0x0000000008005bc8                SPI6_IRQHandler
                0x0000000008005bc8                MDIOS_IRQHandler
                0x0000000008005bc8                I2C4_EV_IRQHandler
                0x0000000008005bc8                FDCAN2_IT0_IRQHandler
                0x0000000008005bc8                LPUART1_IRQHandler
                0x0000000008005bc8                FDCAN1_IT0_IRQHandler
                0x0000000008005bc8                TIM2_IRQHandler
                0x0000000008005bc8                OTG_FS_WKUP_IRQHandler
                0x0000000008005bc8                OTG_HS_IRQHandler
                0x0000000008005bc8                DMA2D_IRQHandler
                0x0000000008005bc8                TIM1_BRK_IRQHandler
                0x0000000008005bc8                EXTI1_IRQHandler
                0x0000000008005bc8                SDMMC2_IRQHandler
                0x0000000008005bc8                OTG_FS_EP1_OUT_IRQHandler
                0x0000000008005bc8                BDMA_Channel3_IRQHandler
                0x0000000008005bc8                UART7_IRQHandler
                0x0000000008005bc8                MDIOS_WKUP_IRQHandler
                0x0000000008005bc8                USART2_IRQHandler
                0x0000000008005bc8                DFSDM1_FLT0_IRQHandler
                0x0000000008005bc8                SAI4_IRQHandler
                0x0000000008005bc8                I2C2_ER_IRQHandler
                0x0000000008005bc8                DMA2_Stream1_IRQHandler
                0x0000000008005bc8                FLASH_IRQHandler
                0x0000000008005bc8                DMA2_Stream4_IRQHandler
                0x0000000008005bc8                USART1_IRQHandler
                0x0000000008005bc8                OTG_FS_IRQHandler
                0x0000000008005bc8                SPI3_IRQHandler
                0x0000000008005bc8                WAKEUP_PIN_IRQHandler
                0x0000000008005bc8                DMA1_Stream4_IRQHandler
                0x0000000008005bc8                OTG_FS_EP1_IN_IRQHandler
                0x0000000008005bc8                I2C1_ER_IRQHandler
                0x0000000008005bc8                FMC_IRQHandler
                0x0000000008005bc8                FDCAN_CAL_IRQHandler
                0x0000000008005bc8                SWPMI1_IRQHandler
                0x0000000008005bc8                COMP1_IRQHandler
                0x0000000008005bc8                LPTIM1_IRQHandler
                0x0000000008005bc8                I2C4_ER_IRQHandler
                0x0000000008005bc8                DMA2_Stream6_IRQHandler
                0x0000000008005bc8                SAI1_IRQHandler
                0x0000000008005bc8                DMA1_Stream3_IRQHandler
 *fill*         0x0000000008005bca        0x2 
 .text.__errno  0x0000000008005bcc        0xc /usr/lib/gcc/arm-none-eabi/9.3.0/../../../../arm-none-eabi/lib/thumb/v7e-m+dp/hard/libc_nano.a(lib_a-errno.o)
                0x0000000008005bcc                __errno
 .text.__libc_init_array
                0x0000000008005bd8       0x48 /usr/lib/gcc/arm-none-eabi/9.3.0/../../../../arm-none-eabi/lib/thumb/v7e-m+dp/hard/libc_nano.a(lib_a-init.o)
                0x0000000008005bd8                __libc_init_array
 .text.memcpy   0x0000000008005c20       0x1c /usr/lib/gcc/arm-none-eabi/9.3.0/../../../../arm-none-eabi/lib/thumb/v7e-m+dp/hard/libc_nano.a(lib_a-memcpy-stub.o)
                0x0000000008005c20                memcpy
 .text.memset   0x0000000008005c3c       0x10 /usr/lib/gcc/arm-none-eabi/9.3.0/../../../../arm-none-eabi/lib/thumb/v7e-m+dp/hard/libc_nano.a(lib_a-memset.o)
                0x0000000008005c3c                memset
 .text.sprintf  0x0000000008005c4c       0x40 /usr/lib/gcc/arm-none-eabi/9.3.0/../../../../arm-none-eabi/lib/thumb/v7e-m+dp/hard/libc_nano.a(lib_a-sprintf.o)
                0x0000000008005c4c                sprintf
                0x0000000008005c4c                siprintf
 .text.strcat   0x0000000008005c8c       0x1e /usr/lib/gcc/arm-none-eabi/9.3.0/../../../../arm-none-eabi/lib/thumb/v7e-m+dp/hard/libc_nano.a(lib_a-strcat.o)
                0x0000000008005c8c                strcat
 .text.strncpy  0x0000000008005caa       0x26 /usr/lib/gcc/arm-none-eabi/9.3.0/../../../../arm-none-eabi/lib/thumb/v7e-m+dp/hard/libc_nano.a(lib_a-strncpy.o)
                0x0000000008005caa                strncpy
 .text.__retarget_lock_acquire_recursive
                0x0000000008005cd0        0x2 /usr/lib/gcc/arm-none-eabi/9.3.0/../../../../arm-none-eabi/lib/thumb/v7e-m+dp/hard/libc_nano.a(lib_a-lock.o)
                0x0000000008005cd0                __retarget_lock_acquire_recursive
 .text.__retarget_lock_release_recursive
                0x0000000008005cd2        0x2 /usr/lib/gcc/arm-none-eabi/9.3.0/../../../../arm-none-eabi/lib/thumb/v7e-m+dp/hard/libc_nano.a(lib_a-lock.o)
                0x0000000008005cd2                __retarget_lock_release_recursive
 .text.__ssputs_r
                0x0000000008005cd4       0xb6 /usr/lib/gcc/arm-none-eabi/9.3.0/../../../../arm-none-eabi/lib/thumb/v7e-m+dp/hard/libc_nano.a(lib_a-nano-svfprintf.o)
                0x0000000008005cd4                __ssputs_r
 *fill*         0x0000000008005d8a        0x2 
 .text._svfprintf_r
                0x0000000008005d8c      0x200 /usr/lib/gcc/arm-none-eabi/9.3.0/../../../../arm-none-eabi/lib/thumb/v7e-m+dp/hard/libc_nano.a(lib_a-nano-svfprintf.o)
                0x0000000008005d8c                _svfprintf_r
                0x0000000008005d8c                _svfiprintf_r
 .text._printf_common
                0x0000000008005f8c       0xda /usr/lib/gcc/arm-none-eabi/9.3.0/../../../../arm-none-eabi/lib/thumb/v7e-m+dp/hard/libc_nano.a(lib_a-nano-vfprintf_i.o)
                0x0000000008005f8c                _printf_common
 *fill*         0x0000000008006066        0x2 
 .text._printf_i
                0x0000000008006068      0x24c /usr/lib/gcc/arm-none-eabi/9.3.0/../../../../arm-none-eabi/lib/thumb/v7e-m+dp/hard/libc_nano.a(lib_a-nano-vfprintf_i.o)
                0x0000000008006068                _printf_i
 .text.memmove  0x00000000080062b4       0x34 /usr/lib/gcc/arm-none-eabi/9.3.0/../../../../arm-none-eabi/lib/thumb/v7e-m+dp/hard/libc_nano.a(lib_a-memmove.o)
                0x00000000080062b4                memmove
 .text._free_r  0x00000000080062e8       0xa0 /usr/lib/gcc/arm-none-eabi/9.3.0/../../../../arm-none-eabi/lib/thumb/v7e-m+dp/hard/libc_nano.a(lib_a-nano-freer.o)
                0x00000000080062e8                _free_r
 .text._malloc_r
                0x0000000008006388       0xb4 /usr/lib/gcc/arm-none-eabi/9.3.0/../../../../arm-none-eabi/lib/thumb/v7e-m+dp/hard/libc_nano.a(lib_a-nano-mallocr.o)
                0x0000000008006388                _malloc_r
 .text._realloc_r
                0x000000000800643c       0x4c /usr/lib/gcc/arm-none-eabi/9.3.0/../../../../arm-none-eabi/lib/thumb/v7e-m+dp/hard/libc_nano.a(lib_a-nano-reallocr.o)
                0x000000000800643c                _realloc_r
 .text._sbrk_r  0x0000000008006488       0x20 /usr/lib/gcc/arm-none-eabi/9.3.0/../../../../arm-none-eabi/lib/thumb/v7e-m+dp/hard/libc_nano.a(lib_a-sbrkr.o)
                0x0000000008006488                _sbrk_r
 .text.__malloc_lock
                0x00000000080064a8        0xc /usr/lib/gcc/arm-none-eabi/9.3.0/../../../../arm-none-eabi/lib/thumb/v7e-m+dp/hard/libc_nano.a(lib_a-mlock.o)
                0x00000000080064a8                __malloc_lock
 .text.__malloc_unlock
                0x00000000080064b4        0xc /usr/lib/gcc/arm-none-eabi/9.3.0/../../../../arm-none-eabi/lib/thumb/v7e-m+dp/hard/libc_nano.a(lib_a-mlock.o)
                0x00000000080064b4                __malloc_unlock
 .text._malloc_usable_size_r
                0x00000000080064c0       0x10 /usr/lib/gcc/arm-none-eabi/9.3.0/../../../../arm-none-eabi/lib/thumb/v7e-m+dp/hard/libc_nano.a(lib_a-nano-msizer.o)
                0x00000000080064c0                _malloc_usable_size_r
 .text.__udivmoddi4
                0x00000000080064d0      0x2aa /usr/lib/gcc/arm-none-eabi/9.3.0/thumb/v7e-m+dp/hard/libgcc.a(_udivmoddi4.o)
                0x00000000080064d0                __udivmoddi4
 *(.glue_7)
 .glue_7        0x000000000800677a        0x0 linker stubs
 *(.glue_7t)
 .glue_7t       0x000000000800677a        0x0 linker stubs
 *(.eh_frame)
 *fill*         0x000000000800677a        0x2 
 .eh_frame      0x000000000800677c        0x0 /usr/lib/gcc/arm-none-eabi/9.3.0/thumb/v7e-m+dp/hard/crtbegin.o
 *(.init)
 .init          0x000000000800677c        0x4 /usr/lib/gcc/arm-none-eabi/9.3.0/thumb/v7e-m+dp/hard/crti.o
                0x000000000800677c                _init
 .init          0x0000000008006780        0x8 /usr/lib/gcc/arm-none-eabi/9.3.0/thumb/v7e-m+dp/hard/crtn.o
 *(.fini)
 .fini          0x0000000008006788        0x4 /usr/lib/gcc/arm-none-eabi/9.3.0/thumb/v7e-m+dp/hard/crti.o
                0x0000000008006788                _fini
 .fini          0x000000000800678c        0x8 /usr/lib/gcc/arm-none-eabi/9.3.0/thumb/v7e-m+dp/hard/crtn.o
                0x0000000008006794                . = ALIGN (0x4)
                0x0000000008006794                _etext = .

.vfp11_veneer   0x0000000008006794        0x0
 .vfp11_veneer  0x0000000008006794        0x0 linker stubs

.v4_bx          0x0000000008006794        0x0
 .v4_bx         0x0000000008006794        0x0 linker stubs

.iplt           0x0000000008006794        0x0
 .iplt          0x0000000008006794        0x0 /usr/lib/gcc/arm-none-eabi/9.3.0/thumb/v7e-m+dp/hard/crtbegin.o

.rodata         0x0000000008006794       0xd0
                0x0000000008006794                . = ALIGN (0x4)
 *(.rodata)
 *(.rodata*)
 .rodata.apply_pin_config.str1.4
                0x0000000008006794        0x2 build/main.o
                                          0x6 (size before relaxing)
 *fill*         0x0000000008006796        0x2 
 .rodata.main.str1.4
                0x0000000008006798       0x58 build/main.o
 .rodata.flagBitshiftOffset.10535
                0x00000000080067f0        0x8 build/stm32h7xx_hal_dma.o
 .rodata.UARTPrescTable
                0x00000000080067f8       0x18 build/stm32h7xx_hal_uart.o
                0x00000000080067f8                UARTPrescTable
 .rodata.denominator.10506
                0x0000000008006810        0x8 build/stm32h7xx_hal_uart_ex.o
 .rodata.numerator.10505
                0x0000000008006818        0x8 build/stm32h7xx_hal_uart_ex.o
 .rodata.D1CorePrescTable
                0x0000000008006820       0x10 build/system_stm32h7xx.o
                0x0000000008006820                D1CorePrescTable
 .rodata._svfprintf_r.str1.1
                0x0000000008006830       0x11 /usr/lib/gcc/arm-none-eabi/9.3.0/../../../../arm-none-eabi/lib/thumb/v7e-m+dp/hard/libc_nano.a(lib_a-nano-svfprintf.o)
 .rodata._printf_i.str1.1
                0x0000000008006841       0x22 /usr/lib/gcc/arm-none-eabi/9.3.0/../../../../arm-none-eabi/lib/thumb/v7e-m+dp/hard/libc_nano.a(lib_a-nano-vfprintf_i.o)
                0x0000000008006864                . = ALIGN (0x4)
 *fill*         0x0000000008006863        0x1 

.ARM.extab      0x0000000008006864        0x0
                0x0000000008006864                . = ALIGN (0x4)
 *(.ARM.extab* .gnu.linkonce.armextab.*)
                0x0000000008006864                . = ALIGN (0x4)

.ARM            0x0000000008006864        0x8
                0x0000000008006864                . = ALIGN (0x4)
                0x0000000008006864                __exidx_start = .
 *(.ARM.exidx*)
 .ARM.exidx.text.__udivmoddi4
                0x0000000008006864        0x8 /usr/lib/gcc/arm-none-eabi/9.3.0/thumb/v7e-m+dp/hard/libgcc.a(_udivmoddi4.o)
                0x000000000800686c                __exidx_end = .
                0x000000000800686c                . = ALIGN (0x4)

.rel.dyn        0x000000000800686c        0x0
 .rel.iplt      0x000000000800686c        0x0 /usr/lib/gcc/arm-none-eabi/9.3.0/thumb/v7e-m+dp/hard/crtbegin.o

.preinit_array  0x000000000800686c        0x0
                0x000000000800686c                . = ALIGN (0x4)
                0x000000000800686c                PROVIDE (__preinit_array_start = .)
 *(.preinit_array*)
                0x000000000800686c                PROVIDE (__preinit_array_end = .)
                0x000000000800686c                . = ALIGN (0x4)

.init_array     0x000000000800686c        0x4
                0x000000000800686c                . = ALIGN (0x4)
                0x000000000800686c                PROVIDE (__init_array_start = .)
 *(SORT_BY_NAME(.init_array.*))
 *(.init_array*)
 .init_array    0x000000000800686c        0x4 /usr/lib/gcc/arm-none-eabi/9.3.0/thumb/v7e-m+dp/hard/crtbegin.o
                0x0000000008006870                PROVIDE (__init_array_end = .)
                0x0000000008006870                . = ALIGN (0x4)

.fini_array     0x0000000008006870        0x4
                0x0000000008006870                . = ALIGN (0x4)
                0x0000000008006870                PROVIDE (__fini_array_start = .)
 *(SORT_BY_NAME(.fini_array.*))
 *(.fini_array*)
 .fini_array    0x0000000008006870        0x4 /usr/lib/gcc/arm-none-eabi/9.3.0/thumb/v7e-m+dp/hard/crtbegin.o
                0x0000000008006874                PROVIDE (__fini_array_end = .)
                0x0000000008006874                . = ALIGN (0x4)
                0x0000000008006874                _sidata = LOADADDR (.data)

.data           0x0000000020000000      0x2b4 load address 0x0000000008006874
                0x0000000020000000                . = ALIGN (0x4)
                0x0000000020000000                _sdata = .
 *(.data)
 *(.data*)
 .data.Pins     0x0000000020000000      0x240 build/main.o
                0x0000000020000000                Pins
 .data.uwTickFreq
                0x0000000020000240        0x1 build/stm32h7xx_hal.o
                0x0000000020000240                uwTickFreq
 *fill*         0x0000000020000241        0x3 
 .data.uwTickPrio
                0x0000000020000244        0x4 build/stm32h7xx_hal.o
                0x0000000020000244                uwTickPrio
 .data.SystemCoreClock
                0x0000000020000248        0x4 build/system_stm32h7xx.o
                0x0000000020000248                SystemCoreClock
 .data.SystemD2Clock
                0x000000002000024c        0x4 build/system_stm32h7xx.o
                0x000000002000024c                SystemD2Clock
 .data._impure_ptr
                0x0000000020000250        0x4 /usr/lib/gcc/arm-none-eabi/9.3.0/../../../../arm-none-eabi/lib/thumb/v7e-m+dp/hard/libc_nano.a(lib_a-impure.o)
                0x0000000020000250                _impure_ptr
 .data.impure_data
                0x0000000020000254       0x60 /usr/lib/gcc/arm-none-eabi/9.3.0/../../../../arm-none-eabi/lib/thumb/v7e-m+dp/hard/libc_nano.a(lib_a-impure.o)
 *(.RamFunc)
 *(.RamFunc*)
                0x00000000200002b4                . = ALIGN (0x4)
                0x00000000200002b4                _edata = .

.tm_clone_table
                0x00000000200002b4        0x0 load address 0x0000000008006b28
 .tm_clone_table
                0x00000000200002b4        0x0 /usr/lib/gcc/arm-none-eabi/9.3.0/thumb/v7e-m+dp/hard/crtbegin.o
 .tm_clone_table
                0x00000000200002b4        0x0 /usr/lib/gcc/arm-none-eabi/9.3.0/thumb/v7e-m+dp/hard/crtend.o

.igot.plt       0x00000000200002b4        0x0 load address 0x0000000008006b28
 .igot.plt      0x00000000200002b4        0x0 /usr/lib/gcc/arm-none-eabi/9.3.0/thumb/v7e-m+dp/hard/crtbegin.o
                0x00000000200002b4                . = ALIGN (0x4)

.bss            0x00000000200002b4      0x5c4 load address 0x0000000008006b28
                0x00000000200002b4                _sbss = .
                0x00000000200002b4                __bss_start__ = _sbss
 *(.bss)
 *(.bss*)
 .bss.completed.8102
                0x00000000200002b4        0x1 /usr/lib/gcc/arm-none-eabi/9.3.0/thumb/v7e-m+dp/hard/crtbegin.o
 *fill*         0x00000000200002b5        0x3 
 .bss.object.8107
                0x00000000200002b8       0x18 /usr/lib/gcc/arm-none-eabi/9.3.0/thumb/v7e-m+dp/hard/crtbegin.o
 .bss.Input_Pins_len
                0x00000000200002d0        0x1 build/main.o
                0x00000000200002d0                Input_Pins_len
 .bss.Output_Pins_len
                0x00000000200002d1        0x1 build/main.o
                0x00000000200002d1                Output_Pins_len
 .bss.rx3_done  0x00000000200002d2        0x1 build/main.o
                0x00000000200002d2                rx3_done
 .bss.rx3_len   0x00000000200002d3        0x1 build/main.o
                0x00000000200002d3                rx3_len
 .bss.__sbrk_heap_end
                0x00000000200002d4        0x4 build/sysmem.o
 .bss.__malloc_free_list
                0x00000000200002d8        0x4 /usr/lib/gcc/arm-none-eabi/9.3.0/../../../../arm-none-eabi/lib/thumb/v7e-m+dp/hard/libc_nano.a(lib_a-nano-mallocr.o)
                0x00000000200002d8                __malloc_free_list
 .bss.__malloc_sbrk_start
                0x00000000200002dc        0x4 /usr/lib/gcc/arm-none-eabi/9.3.0/../../../../arm-none-eabi/lib/thumb/v7e-m+dp/hard/libc_nano.a(lib_a-nano-mallocr.o)
                0x00000000200002dc                __malloc_sbrk_start
 *(COMMON)
 COMMON         0x00000000200002e0      0x584 build/main.o
                0x00000000200002e0                hdma_usart3_rx
                0x0000000020000358                huart3
                0x00000000200003ec                hdma_usart3_tx
                0x0000000020000464                Input_Pins
                0x0000000020000664                Output_Pins
 COMMON         0x0000000020000864        0x4 build/stm32h7xx_hal.o
                0x0000000020000864                uwTick
 COMMON         0x0000000020000868        0x9 /usr/lib/gcc/arm-none-eabi/9.3.0/../../../../arm-none-eabi/lib/thumb/v7e-m+dp/hard/libc_nano.a(lib_a-lock.o)
                0x0000000020000868                __lock___atexit_recursive_mutex
                0x0000000020000869                __lock___arc4random_mutex
                0x000000002000086a                __lock___env_recursive_mutex
                0x000000002000086b                __lock___sinit_recursive_mutex
                0x000000002000086c                __lock___malloc_recursive_mutex
                0x000000002000086d                __lock___at_quick_exit_mutex
                0x000000002000086e                __lock___dd_hash_mutex
                0x000000002000086f                __lock___tz_mutex
                0x0000000020000870                __lock___sfp_recursive_mutex
 *fill*         0x0000000020000871        0x3 
 COMMON         0x0000000020000874        0x4 /usr/lib/gcc/arm-none-eabi/9.3.0/../../../../arm-none-eabi/lib/thumb/v7e-m+dp/hard/libc_nano.a(lib_a-reent.o)
                0x0000000020000874                errno
                0x0000000020000878                . = ALIGN (0x4)
                0x0000000020000878                _ebss = .
                0x0000000020000878                __bss_end__ = _ebss

._user_heap_stack
                0x0000000020000878      0x600 load address 0x0000000008006b28
                0x0000000020000878                . = ALIGN (0x8)
                [!provide]                        PROVIDE (end = .)
                0x0000000020000878                PROVIDE (_end = .)
                0x0000000020000a78                . = (. + _Min_Heap_Size)
 *fill*         0x0000000020000878      0x200 
                0x0000000020000e78                . = (. + _Min_Stack_Size)
 *fill*         0x0000000020000a78      0x400 
                0x0000000020000e78                . = ALIGN (0x8)

/DISCARD/
 libc.a(*)
 libm.a(*)
 libgcc.a(*)
OUTPUT(build/loom_tester.elf elf32-littlearm)

.ARM.attributes
                0x0000000000000000       0x2e
 .ARM.attributes
                0x0000000000000000       0x1e /usr/lib/gcc/arm-none-eabi/9.3.0/thumb/v7e-m+dp/hard/crti.o
 .ARM.attributes
                0x000000000000001e       0x32 /usr/lib/gcc/arm-none-eabi/9.3.0/thumb/v7e-m+dp/hard/crtbegin.o
 .ARM.attributes
                0x0000000000000050       0x32 build/main.o
 .ARM.attributes
                0x0000000000000082       0x32 build/stm32h7xx_it.o
 .ARM.attributes
                0x00000000000000b4       0x32 build/stm32h7xx_hal_msp.o
 .ARM.attributes
                0x00000000000000e6       0x32 build/stm32h7xx_hal_cortex.o
 .ARM.attributes
                0x0000000000000118       0x32 build/stm32h7xx_hal_rcc.o
 .ARM.attributes
                0x000000000000014a       0x32 build/stm32h7xx_hal_rcc_ex.o
 .ARM.attributes
                0x000000000000017c       0x32 build/stm32h7xx_hal_gpio.o
 .ARM.attributes
                0x00000000000001ae       0x32 build/stm32h7xx_hal_dma.o
 .ARM.attributes
                0x00000000000001e0       0x32 build/stm32h7xx_hal_pwr_ex.o
 .ARM.attributes
                0x0000000000000212       0x32 build/stm32h7xx_hal.o
 .ARM.attributes
                0x0000000000000244       0x32 build/stm32h7xx_hal_uart.o
 .ARM.attributes
                0x0000000000000276       0x32 build/stm32h7xx_hal_uart_ex.o
 .ARM.attributes
                0x00000000000002a8       0x32 build/system_stm32h7xx.o
 .ARM.attributes
                0x00000000000002da       0x32 build/sysmem.o
 .ARM.attributes
                0x000000000000030c       0x21 build/startup_stm32h753xx.o
 .ARM.attributes
                0x000000000000032d       0x32 /usr/lib/gcc/arm-none-eabi/9.3.0/../../../../arm-none-eabi/lib/thumb/v7e-m+dp/hard/libc_nano.a(lib_a-errno.o)
 .ARM.attributes
                0x000000000000035f       0x30 /usr/lib/gcc/arm-none-eabi/9.3.0/../../../../arm-none-eabi/lib/thumb/v7e-m+dp/hard/libc_nano.a(lib_a-impure.o)
 .ARM.attributes
                0x000000000000038f       0x32 /usr/lib/gcc/arm-none-eabi/9.3.0/../../../../arm-none-eabi/lib/thumb/v7e-m+dp/hard/libc_nano.a(lib_a-init.o)
 .ARM.attributes
                0x00000000000003c1       0x32 /usr/lib/gcc/arm-none-eabi/9.3.0/../../../../arm-none-eabi/lib/thumb/v7e-m+dp/hard/libc_nano.a(lib_a-memcpy-stub.o)
 .ARM.attributes
                0x00000000000003f3       0x32 /usr/lib/gcc/arm-none-eabi/9.3.0/../../../../arm-none-eabi/lib/thumb/v7e-m+dp/hard/libc_nano.a(lib_a-memset.o)
 .ARM.attributes
                0x0000000000000425       0x32 /usr/lib/gcc/arm-none-eabi/9.3.0/../../../../arm-none-eabi/lib/thumb/v7e-m+dp/hard/libc_nano.a(lib_a-sprintf.o)
 .ARM.attributes
                0x0000000000000457       0x32 /usr/lib/gcc/arm-none-eabi/9.3.0/../../../../arm-none-eabi/lib/thumb/v7e-m+dp/hard/libc_nano.a(lib_a-strcat.o)
 .ARM.attributes
                0x0000000000000489       0x1c /usr/lib/gcc/arm-none-eabi/9.3.0/../../../../arm-none-eabi/lib/thumb/v7e-m+dp/hard/libc_nano.a(lib_a-strcmp.o)
 .ARM.attributes
                0x00000000000004a5       0x17 /usr/lib/gcc/arm-none-eabi/9.3.0/../../../../arm-none-eabi/lib/thumb/v7e-m+dp/hard/libc_nano.a(lib_a-strlen.o)
 .ARM.attributes
                0x00000000000004bc       0x32 /usr/lib/gcc/arm-none-eabi/9.3.0/../../../../arm-none-eabi/lib/thumb/v7e-m+dp/hard/libc_nano.a(lib_a-strncpy.o)
 .ARM.attributes
                0x00000000000004ee       0x32 /usr/lib/gcc/arm-none-eabi/9.3.0/../../../../arm-none-eabi/lib/thumb/v7e-m+dp/hard/libc_nano.a(lib_a-lock.o)
 .ARM.attributes
                0x0000000000000520       0x32 /usr/lib/gcc/arm-none-eabi/9.3.0/../../../../arm-none-eabi/lib/thumb/v7e-m+dp/hard/libc_nano.a(lib_a-nano-svfprintf.o)
 .ARM.attributes
                0x0000000000000552       0x32 /usr/lib/gcc/arm-none-eabi/9.3.0/../../../../arm-none-eabi/lib/thumb/v7e-m+dp/hard/libc_nano.a(lib_a-nano-vfprintf_i.o)
 .ARM.attributes
                0x0000000000000584       0x1c /usr/lib/gcc/arm-none-eabi/9.3.0/../../../../arm-none-eabi/lib/thumb/v7e-m+dp/hard/libc_nano.a(lib_a-memchr.o)
 .ARM.attributes
                0x00000000000005a0       0x32 /usr/lib/gcc/arm-none-eabi/9.3.0/../../../../arm-none-eabi/lib/thumb/v7e-m+dp/hard/libc_nano.a(lib_a-memmove.o)
 .ARM.attributes
                0x00000000000005d2       0x32 /usr/lib/gcc/arm-none-eabi/9.3.0/../../../../arm-none-eabi/lib/thumb/v7e-m+dp/hard/libc_nano.a(lib_a-nano-freer.o)
 .ARM.attributes
                0x0000000000000604       0x32 /usr/lib/gcc/arm-none-eabi/9.3.0/../../../../arm-none-eabi/lib/thumb/v7e-m+dp/hard/libc_nano.a(lib_a-nano-mallocr.o)
 .ARM.attributes
                0x0000000000000636       0x32 /usr/lib/gcc/arm-none-eabi/9.3.0/../../../../arm-none-eabi/lib/thumb/v7e-m+dp/hard/libc_nano.a(lib_a-nano-reallocr.o)
 .ARM.attributes
                0x0000000000000668       0x32 /usr/lib/gcc/arm-none-eabi/9.3.0/../../../../arm-none-eabi/lib/thumb/v7e-m+dp/hard/libc_nano.a(lib_a-sbrkr.o)
 .ARM.attributes
                0x000000000000069a       0x32 /usr/lib/gcc/arm-none-eabi/9.3.0/../../../../arm-none-eabi/lib/thumb/v7e-m+dp/hard/libc_nano.a(lib_a-mlock.o)
 .ARM.attributes
                0x00000000000006cc       0x32 /usr/lib/gcc/arm-none-eabi/9.3.0/../../../../arm-none-eabi/lib/thumb/v7e-m+dp/hard/libc_nano.a(lib_a-nano-msizer.o)
 .ARM.attributes
                0x00000000000006fe       0x32 /usr/lib/gcc/arm-none-eabi/9.3.0/../../../../arm-none-eabi/lib/thumb/v7e-m+dp/hard/libc_nano.a(lib_a-reent.o)
 .ARM.attributes
                0x0000000000000730       0x1e /usr/lib/gcc/arm-none-eabi/9.3.0/thumb/v7e-m+dp/hard/libgcc.a(_aeabi_uldivmod.o)
 .ARM.attributes
                0x000000000000074e       0x32 /usr/lib/gcc/arm-none-eabi/9.3.0/thumb/v7e-m+dp/hard/libgcc.a(_udivmoddi4.o)
 .ARM.attributes
                0x0000000000000780       0x1e /usr/lib/gcc/arm-none-eabi/9.3.0/thumb/v7e-m+dp/hard/libgcc.a(_dvmd_tls.o)
 .ARM.attributes
                0x000000000000079e       0x30 /usr/lib/gcc/arm-none-eabi/9.3.0/thumb/v7e-m+dp/hard/crtend.o
 .ARM.attributes
                0x00000000000007ce       0x1e /usr/lib/gcc/arm-none-eabi/9.3.0/thumb/v7e-m+dp/hard/crtn.o

.comment        0x0000000000000000       0x11
 .comment       0x0000000000000000       0x11 /usr/lib/gcc/arm-none-eabi/9.3.0/thumb/v7e-m+dp/hard/crtbegin.o
                                         0x12 (size before relaxing)
 .comment       0x0000000000000011       0x12 build/main.o
 .comment       0x0000000000000011       0x12 build/stm32h7xx_it.o
 .comment       0x0000000000000011       0x12 build/stm32h7xx_hal_msp.o
 .comment       0x0000000000000011       0x12 build/stm32h7xx_hal_cortex.o
 .comment       0x0000000000000011       0x12 build/stm32h7xx_hal_rcc.o
 .comment       0x0000000000000011       0x12 build/stm32h7xx_hal_rcc_ex.o
 .comment       0x0000000000000011       0x12 build/stm32h7xx_hal_gpio.o
 .comment       0x0000000000000011       0x12 build/stm32h7xx_hal_dma.o
 .comment       0x0000000000000011       0x12 build/stm32h7xx_hal_pwr_ex.o
 .comment       0x0000000000000011       0x12 build/stm32h7xx_hal.o
 .comment       0x0000000000000011       0x12 build/stm32h7xx_hal_uart.o
 .comment       0x0000000000000011       0x12 build/stm32h7xx_hal_uart_ex.o
 .comment       0x0000000000000011       0x12 build/system_stm32h7xx.o
 .comment       0x0000000000000011       0x12 build/sysmem.o
 .comment       0x0000000000000011       0x12 /usr/lib/gcc/arm-none-eabi/9.3.0/../../../../arm-none-eabi/lib/thumb/v7e-m+dp/hard/libc_nano.a(lib_a-errno.o)
 .comment       0x0000000000000011       0x12 /usr/lib/gcc/arm-none-eabi/9.3.0/../../../../arm-none-eabi/lib/thumb/v7e-m+dp/hard/libc_nano.a(lib_a-impure.o)
 .comment       0x0000000000000011       0x12 /usr/lib/gcc/arm-none-eabi/9.3.0/../../../../arm-none-eabi/lib/thumb/v7e-m+dp/hard/libc_nano.a(lib_a-init.o)
 .comment       0x0000000000000011       0x12 /usr/lib/gcc/arm-none-eabi/9.3.0/../../../../arm-none-eabi/lib/thumb/v7e-m+dp/hard/libc_nano.a(lib_a-memcpy-stub.o)
 .comment       0x0000000000000011       0x12 /usr/lib/gcc/arm-none-eabi/9.3.0/../../../../arm-none-eabi/lib/thumb/v7e-m+dp/hard/libc_nano.a(lib_a-memset.o)
 .comment       0x0000000000000011       0x12 /usr/lib/gcc/arm-none-eabi/9.3.0/../../../../arm-none-eabi/lib/thumb/v7e-m+dp/hard/libc_nano.a(lib_a-sprintf.o)
 .comment       0x0000000000000011       0x12 /usr/lib/gcc/arm-none-eabi/9.3.0/../../../../arm-none-eabi/lib/thumb/v7e-m+dp/hard/libc_nano.a(lib_a-strcat.o)
 .comment       0x0000000000000011       0x12 /usr/lib/gcc/arm-none-eabi/9.3.0/../../../../arm-none-eabi/lib/thumb/v7e-m+dp/hard/libc_nano.a(lib_a-strncpy.o)
 .comment       0x0000000000000011       0x12 /usr/lib/gcc/arm-none-eabi/9.3.0/../../../../arm-none-eabi/lib/thumb/v7e-m+dp/hard/libc_nano.a(lib_a-lock.o)
 .comment       0x0000000000000011       0x12 /usr/lib/gcc/arm-none-eabi/9.3.0/../../../../arm-none-eabi/lib/thumb/v7e-m+dp/hard/libc_nano.a(lib_a-nano-svfprintf.o)
 .comment       0x0000000000000011       0x12 /usr/lib/gcc/arm-none-eabi/9.3.0/../../../../arm-none-eabi/lib/thumb/v7e-m+dp/hard/libc_nano.a(lib_a-nano-vfprintf_i.o)
 .comment       0x0000000000000011       0x12 /usr/lib/gcc/arm-none-eabi/9.3.0/../../../../arm-none-eabi/lib/thumb/v7e-m+dp/hard/libc_nano.a(lib_a-memmove.o)
 .comment       0x0000000000000011       0x12 /usr/lib/gcc/arm-none-eabi/9.3.0/../../../../arm-none-eabi/lib/thumb/v7e-m+dp/hard/libc_nano.a(lib_a-nano-freer.o)
 .comment       0x0000000000000011       0x12 /usr/lib/gcc/arm-none-eabi/9.3.0/../../../../arm-none-eabi/lib/thumb/v7e-m+dp/hard/libc_nano.a(lib_a-nano-mallocr.o)
 .comment       0x0000000000000011       0x12 /usr/lib/gcc/arm-none-eabi/9.3.0/../../../../arm-none-eabi/lib/thumb/v7e-m+dp/hard/libc_nano.a(lib_a-nano-reallocr.o)
 .comment       0x0000000000000011       0x12 /usr/lib/gcc/arm-none-eabi/9.3.0/../../../../arm-none-eabi/lib/thumb/v7e-m+dp/hard/libc_nano.a(lib_a-sbrkr.o)
 .comment       0x0000000000000011       0x12 /usr/lib/gcc/arm-none-eabi/9.3.0/../../../../arm-none-eabi/lib/thumb/v7e-m+dp/hard/libc_nano.a(lib_a-mlock.o)
 .comment       0x0000000000000011       0x12 /usr/lib/gcc/arm-none-eabi/9.3.0/../../../../arm-none-eabi/lib/thumb/v7e-m+dp/hard/libc_nano.a(lib_a-nano-msizer.o)
 .comment       0x0000000000000011       0x12 /usr/lib/gcc/arm-none-eabi/9.3.0/../../../../arm-none-eabi/lib/thumb/v7e-m+dp/hard/libc_nano.a(lib_a-reent.o)
 .comment       0x0000000000000011       0x12 /usr/lib/gcc/arm-none-eabi/9.3.0/thumb/v7e-m+dp/hard/libgcc.a(_udivmoddi4.o)
 .comment       0x0000000000000011       0x12 /usr/lib/gcc/arm-none-eabi/9.3.0/thumb/v7e-m+dp/hard/crtend.o

.debug_info     0x0000000000000000    0x2f7b4
 .debug_info    0x0000000000000000     0x34a0 build/main.o
 .debug_info    0x00000000000034a0     0x156e build/stm32h7xx_it.o
 .debug_info    0x0000000000004a0e     0x236d build/stm32h7xx_hal_msp.o
 .debug_info    0x0000000000006d7b     0x212d build/stm32h7xx_hal_cortex.o
 .debug_info    0x0000000000008ea8     0x1f57 build/stm32h7xx_hal_rcc.o
 .debug_info    0x000000000000adff     0x288c build/stm32h7xx_hal_rcc_ex.o
 .debug_info    0x000000000000d68b     0x1abd build/stm32h7xx_hal_gpio.o
 .debug_info    0x000000000000f148     0x1c5e build/stm32h7xx_hal_dma.o
 .debug_info    0x0000000000010da6     0x1fda build/stm32h7xx_hal_pwr_ex.o
 .debug_info    0x0000000000012d80     0x240d build/stm32h7xx_hal.o
 .debug_info    0x000000000001518d     0x75ae build/stm32h7xx_hal_uart.o
 .debug_info    0x000000000001c73b     0x1f07 build/stm32h7xx_hal_uart_ex.o
 .debug_info    0x000000000001e642     0x1b2d build/system_stm32h7xx.o
 .debug_info    0x000000000002016f      0xb2f build/sysmem.o
 .debug_info    0x0000000000020c9e       0x22 build/startup_stm32h753xx.o
 .debug_info    0x0000000000020cc0      0x95e /usr/lib/gcc/arm-none-eabi/9.3.0/../../../../arm-none-eabi/lib/thumb/v7e-m+dp/hard/libc_nano.a(lib_a-errno.o)
 .debug_info    0x000000000002161e      0x935 /usr/lib/gcc/arm-none-eabi/9.3.0/../../../../arm-none-eabi/lib/thumb/v7e-m+dp/hard/libc_nano.a(lib_a-impure.o)
 .debug_info    0x0000000000021f53      0x11a /usr/lib/gcc/arm-none-eabi/9.3.0/../../../../arm-none-eabi/lib/thumb/v7e-m+dp/hard/libc_nano.a(lib_a-init.o)
 .debug_info    0x000000000002206d      0xf17 /usr/lib/gcc/arm-none-eabi/9.3.0/../../../../arm-none-eabi/lib/thumb/v7e-m+dp/hard/libc_nano.a(lib_a-memcpy-stub.o)
 .debug_info    0x0000000000022f84      0xed0 /usr/lib/gcc/arm-none-eabi/9.3.0/../../../../arm-none-eabi/lib/thumb/v7e-m+dp/hard/libc_nano.a(lib_a-memset.o)
 .debug_info    0x0000000000023e54      0xc9b /usr/lib/gcc/arm-none-eabi/9.3.0/../../../../arm-none-eabi/lib/thumb/v7e-m+dp/hard/libc_nano.a(lib_a-sprintf.o)
 .debug_info    0x0000000000024aef      0x96e /usr/lib/gcc/arm-none-eabi/9.3.0/../../../../arm-none-eabi/lib/thumb/v7e-m+dp/hard/libc_nano.a(lib_a-strcat.o)
 .debug_info    0x000000000002545d       0x26 /usr/lib/gcc/arm-none-eabi/9.3.0/../../../../arm-none-eabi/lib/thumb/v7e-m+dp/hard/libc_nano.a(lib_a-strcmp.o)
 .debug_info    0x0000000000025483       0x26 /usr/lib/gcc/arm-none-eabi/9.3.0/../../../../arm-none-eabi/lib/thumb/v7e-m+dp/hard/libc_nano.a(lib_a-strlen.o)
 .debug_info    0x00000000000254a9      0x9a0 /usr/lib/gcc/arm-none-eabi/9.3.0/../../../../arm-none-eabi/lib/thumb/v7e-m+dp/hard/libc_nano.a(lib_a-strncpy.o)
 .debug_info    0x0000000000025e49      0x245 /usr/lib/gcc/arm-none-eabi/9.3.0/../../../../arm-none-eabi/lib/thumb/v7e-m+dp/hard/libc_nano.a(lib_a-lock.o)
 .debug_info    0x000000000002608e     0x17e8 /usr/lib/gcc/arm-none-eabi/9.3.0/../../../../arm-none-eabi/lib/thumb/v7e-m+dp/hard/libc_nano.a(lib_a-nano-svfprintf.o)
 .debug_info    0x0000000000027876     0x15a6 /usr/lib/gcc/arm-none-eabi/9.3.0/../../../../arm-none-eabi/lib/thumb/v7e-m+dp/hard/libc_nano.a(lib_a-nano-vfprintf_i.o)
 .debug_info    0x0000000000028e1c       0x26 /usr/lib/gcc/arm-none-eabi/9.3.0/../../../../arm-none-eabi/lib/thumb/v7e-m+dp/hard/libc_nano.a(lib_a-memchr.o)
 .debug_info    0x0000000000028e42      0xef9 /usr/lib/gcc/arm-none-eabi/9.3.0/../../../../arm-none-eabi/lib/thumb/v7e-m+dp/hard/libc_nano.a(lib_a-memmove.o)
 .debug_info    0x0000000000029d3b      0xb5f /usr/lib/gcc/arm-none-eabi/9.3.0/../../../../arm-none-eabi/lib/thumb/v7e-m+dp/hard/libc_nano.a(lib_a-nano-freer.o)
 .debug_info    0x000000000002a89a      0xc60 /usr/lib/gcc/arm-none-eabi/9.3.0/../../../../arm-none-eabi/lib/thumb/v7e-m+dp/hard/libc_nano.a(lib_a-nano-mallocr.o)
 .debug_info    0x000000000002b4fa      0xb78 /usr/lib/gcc/arm-none-eabi/9.3.0/../../../../arm-none-eabi/lib/thumb/v7e-m+dp/hard/libc_nano.a(lib_a-nano-reallocr.o)
 .debug_info    0x000000000002c072      0xa06 /usr/lib/gcc/arm-none-eabi/9.3.0/../../../../arm-none-eabi/lib/thumb/v7e-m+dp/hard/libc_nano.a(lib_a-sbrkr.o)
 .debug_info    0x000000000002ca78      0x9ad /usr/lib/gcc/arm-none-eabi/9.3.0/../../../../arm-none-eabi/lib/thumb/v7e-m+dp/hard/libc_nano.a(lib_a-mlock.o)
 .debug_info    0x000000000002d425      0xab1 /usr/lib/gcc/arm-none-eabi/9.3.0/../../../../arm-none-eabi/lib/thumb/v7e-m+dp/hard/libc_nano.a(lib_a-nano-msizer.o)
 .debug_info    0x000000000002ded6      0xb16 /usr/lib/gcc/arm-none-eabi/9.3.0/../../../../arm-none-eabi/lib/thumb/v7e-m+dp/hard/libc_nano.a(lib_a-reent.o)
 .debug_info    0x000000000002e9ec       0x26 /usr/lib/gcc/arm-none-eabi/9.3.0/thumb/v7e-m+dp/hard/libgcc.a(_aeabi_uldivmod.o)
 .debug_info    0x000000000002ea12      0xd7c /usr/lib/gcc/arm-none-eabi/9.3.0/thumb/v7e-m+dp/hard/libgcc.a(_udivmoddi4.o)
 .debug_info    0x000000000002f78e       0x26 /usr/lib/gcc/arm-none-eabi/9.3.0/thumb/v7e-m+dp/hard/libgcc.a(_dvmd_tls.o)

.debug_abbrev   0x0000000000000000     0x586b
 .debug_abbrev  0x0000000000000000      0x4df build/main.o
 .debug_abbrev  0x00000000000004df      0x23c build/stm32h7xx_it.o
 .debug_abbrev  0x000000000000071b      0x2b4 build/stm32h7xx_hal_msp.o
 .debug_abbrev  0x00000000000009cf      0x493 build/stm32h7xx_hal_cortex.o
 .debug_abbrev  0x0000000000000e62      0x34d build/stm32h7xx_hal_rcc.o
 .debug_abbrev  0x00000000000011af      0x37a build/stm32h7xx_hal_rcc_ex.o
 .debug_abbrev  0x0000000000001529      0x350 build/stm32h7xx_hal_gpio.o
 .debug_abbrev  0x0000000000001879      0x3aa build/stm32h7xx_hal_dma.o
 .debug_abbrev  0x0000000000001c23      0x3bd build/stm32h7xx_hal_pwr_ex.o
 .debug_abbrev  0x0000000000001fe0      0x359 build/stm32h7xx_hal.o
 .debug_abbrev  0x0000000000002339      0x42a build/stm32h7xx_hal_uart.o
 .debug_abbrev  0x0000000000002763      0x3f0 build/stm32h7xx_hal_uart_ex.o
 .debug_abbrev  0x0000000000002b53      0x27d build/system_stm32h7xx.o
 .debug_abbrev  0x0000000000002dd0      0x21f build/sysmem.o
 .debug_abbrev  0x0000000000002fef       0x12 build/startup_stm32h753xx.o
 .debug_abbrev  0x0000000000003001      0x198 /usr/lib/gcc/arm-none-eabi/9.3.0/../../../../arm-none-eabi/lib/thumb/v7e-m+dp/hard/libc_nano.a(lib_a-errno.o)
 .debug_abbrev  0x0000000000003199      0x17a /usr/lib/gcc/arm-none-eabi/9.3.0/../../../../arm-none-eabi/lib/thumb/v7e-m+dp/hard/libc_nano.a(lib_a-impure.o)
 .debug_abbrev  0x0000000000003313       0xcc /usr/lib/gcc/arm-none-eabi/9.3.0/../../../../arm-none-eabi/lib/thumb/v7e-m+dp/hard/libc_nano.a(lib_a-init.o)
 .debug_abbrev  0x00000000000033df      0x1ec /usr/lib/gcc/arm-none-eabi/9.3.0/../../../../arm-none-eabi/lib/thumb/v7e-m+dp/hard/libc_nano.a(lib_a-memcpy-stub.o)
 .debug_abbrev  0x00000000000035cb      0x1cc /usr/lib/gcc/arm-none-eabi/9.3.0/../../../../arm-none-eabi/lib/thumb/v7e-m+dp/hard/libc_nano.a(lib_a-memset.o)
 .debug_abbrev  0x0000000000003797      0x274 /usr/lib/gcc/arm-none-eabi/9.3.0/../../../../arm-none-eabi/lib/thumb/v7e-m+dp/hard/libc_nano.a(lib_a-sprintf.o)
 .debug_abbrev  0x0000000000003a0b      0x1af /usr/lib/gcc/arm-none-eabi/9.3.0/../../../../arm-none-eabi/lib/thumb/v7e-m+dp/hard/libc_nano.a(lib_a-strcat.o)
 .debug_abbrev  0x0000000000003bba       0x14 /usr/lib/gcc/arm-none-eabi/9.3.0/../../../../arm-none-eabi/lib/thumb/v7e-m+dp/hard/libc_nano.a(lib_a-strcmp.o)
 .debug_abbrev  0x0000000000003bce       0x14 /usr/lib/gcc/arm-none-eabi/9.3.0/../../../../arm-none-eabi/lib/thumb/v7e-m+dp/hard/libc_nano.a(lib_a-strlen.o)
 .debug_abbrev  0x0000000000003be2      0x1c0 /usr/lib/gcc/arm-none-eabi/9.3.0/../../../../arm-none-eabi/lib/thumb/v7e-m+dp/hard/libc_nano.a(lib_a-strncpy.o)
 .debug_abbrev  0x0000000000003da2      0x111 /usr/lib/gcc/arm-none-eabi/9.3.0/../../../../arm-none-eabi/lib/thumb/v7e-m+dp/hard/libc_nano.a(lib_a-lock.o)
 .debug_abbrev  0x0000000000003eb3      0x348 /usr/lib/gcc/arm-none-eabi/9.3.0/../../../../arm-none-eabi/lib/thumb/v7e-m+dp/hard/libc_nano.a(lib_a-nano-svfprintf.o)
 .debug_abbrev  0x00000000000041fb      0x2d9 /usr/lib/gcc/arm-none-eabi/9.3.0/../../../../arm-none-eabi/lib/thumb/v7e-m+dp/hard/libc_nano.a(lib_a-nano-vfprintf_i.o)
 .debug_abbrev  0x00000000000044d4       0x14 /usr/lib/gcc/arm-none-eabi/9.3.0/../../../../arm-none-eabi/lib/thumb/v7e-m+dp/hard/libc_nano.a(lib_a-memchr.o)
 .debug_abbrev  0x00000000000044e8      0x1d1 /usr/lib/gcc/arm-none-eabi/9.3.0/../../../../arm-none-eabi/lib/thumb/v7e-m+dp/hard/libc_nano.a(lib_a-memmove.o)
 .debug_abbrev  0x00000000000046b9      0x276 /usr/lib/gcc/arm-none-eabi/9.3.0/../../../../arm-none-eabi/lib/thumb/v7e-m+dp/hard/libc_nano.a(lib_a-nano-freer.o)
 .debug_abbrev  0x000000000000492f      0x2dc /usr/lib/gcc/arm-none-eabi/9.3.0/../../../../arm-none-eabi/lib/thumb/v7e-m+dp/hard/libc_nano.a(lib_a-nano-mallocr.o)
 .debug_abbrev  0x0000000000004c0b      0x237 /usr/lib/gcc/arm-none-eabi/9.3.0/../../../../arm-none-eabi/lib/thumb/v7e-m+dp/hard/libc_nano.a(lib_a-nano-reallocr.o)
 .debug_abbrev  0x0000000000004e42      0x212 /usr/lib/gcc/arm-none-eabi/9.3.0/../../../../arm-none-eabi/lib/thumb/v7e-m+dp/hard/libc_nano.a(lib_a-sbrkr.o)
 .debug_abbrev  0x0000000000005054      0x1d7 /usr/lib/gcc/arm-none-eabi/9.3.0/../../../../arm-none-eabi/lib/thumb/v7e-m+dp/hard/libc_nano.a(lib_a-mlock.o)
 .debug_abbrev  0x000000000000522b      0x1e5 /usr/lib/gcc/arm-none-eabi/9.3.0/../../../../arm-none-eabi/lib/thumb/v7e-m+dp/hard/libc_nano.a(lib_a-nano-msizer.o)
 .debug_abbrev  0x0000000000005410      0x271 /usr/lib/gcc/arm-none-eabi/9.3.0/../../../../arm-none-eabi/lib/thumb/v7e-m+dp/hard/libc_nano.a(lib_a-reent.o)
 .debug_abbrev  0x0000000000005681       0x14 /usr/lib/gcc/arm-none-eabi/9.3.0/thumb/v7e-m+dp/hard/libgcc.a(_aeabi_uldivmod.o)
 .debug_abbrev  0x0000000000005695      0x1c2 /usr/lib/gcc/arm-none-eabi/9.3.0/thumb/v7e-m+dp/hard/libgcc.a(_udivmoddi4.o)
 .debug_abbrev  0x0000000000005857       0x14 /usr/lib/gcc/arm-none-eabi/9.3.0/thumb/v7e-m+dp/hard/libgcc.a(_dvmd_tls.o)

.debug_loc      0x0000000000000000     0xfaef
 .debug_loc     0x0000000000000000      0x90d build/main.o
 .debug_loc     0x000000000000090d       0x80 build/stm32h7xx_it.o
 .debug_loc     0x000000000000098d       0xe6 build/stm32h7xx_hal_msp.o
 .debug_loc     0x0000000000000a73      0x7b6 build/stm32h7xx_hal_cortex.o
 .debug_loc     0x0000000000001229      0xab2 build/stm32h7xx_hal_rcc.o
 .debug_loc     0x0000000000001cdb     0x2080 build/stm32h7xx_hal_rcc_ex.o
 .debug_loc     0x0000000000003d5b      0x45e build/stm32h7xx_hal_gpio.o
 .debug_loc     0x00000000000041b9     0x108d build/stm32h7xx_hal_dma.o
 .debug_loc     0x0000000000005246      0x65b build/stm32h7xx_hal_pwr_ex.o
 .debug_loc     0x00000000000058a1      0x582 build/stm32h7xx_hal.o
 .debug_loc     0x0000000000005e23     0x648c build/stm32h7xx_hal_uart.o
 .debug_loc     0x000000000000c2af      0xd9d build/stm32h7xx_hal_uart_ex.o
 .debug_loc     0x000000000000d04c      0x1d8 build/system_stm32h7xx.o
 .debug_loc     0x000000000000d224       0x84 build/sysmem.o
 .debug_loc     0x000000000000d2a8       0x60 /usr/lib/gcc/arm-none-eabi/9.3.0/../../../../arm-none-eabi/lib/thumb/v7e-m+dp/hard/libc_nano.a(lib_a-init.o)
 .debug_loc     0x000000000000d308       0xd9 /usr/lib/gcc/arm-none-eabi/9.3.0/../../../../arm-none-eabi/lib/thumb/v7e-m+dp/hard/libc_nano.a(lib_a-memcpy-stub.o)
 .debug_loc     0x000000000000d3e1       0x63 /usr/lib/gcc/arm-none-eabi/9.3.0/../../../../arm-none-eabi/lib/thumb/v7e-m+dp/hard/libc_nano.a(lib_a-memset.o)
 .debug_loc     0x000000000000d444       0xd3 /usr/lib/gcc/arm-none-eabi/9.3.0/../../../../arm-none-eabi/lib/thumb/v7e-m+dp/hard/libc_nano.a(lib_a-sprintf.o)
 .debug_loc     0x000000000000d517       0x75 /usr/lib/gcc/arm-none-eabi/9.3.0/../../../../arm-none-eabi/lib/thumb/v7e-m+dp/hard/libc_nano.a(lib_a-strcat.o)
 .debug_loc     0x000000000000d58c       0xc7 /usr/lib/gcc/arm-none-eabi/9.3.0/../../../../arm-none-eabi/lib/thumb/v7e-m+dp/hard/libc_nano.a(lib_a-strncpy.o)
 .debug_loc     0x000000000000d653       0x25 /usr/lib/gcc/arm-none-eabi/9.3.0/../../../../arm-none-eabi/lib/thumb/v7e-m+dp/hard/libc_nano.a(lib_a-lock.o)
 .debug_loc     0x000000000000d678      0x71e /usr/lib/gcc/arm-none-eabi/9.3.0/../../../../arm-none-eabi/lib/thumb/v7e-m+dp/hard/libc_nano.a(lib_a-nano-svfprintf.o)
 .debug_loc     0x000000000000dd96      0x5a0 /usr/lib/gcc/arm-none-eabi/9.3.0/../../../../arm-none-eabi/lib/thumb/v7e-m+dp/hard/libc_nano.a(lib_a-nano-vfprintf_i.o)
 .debug_loc     0x000000000000e336      0x1d4 /usr/lib/gcc/arm-none-eabi/9.3.0/../../../../arm-none-eabi/lib/thumb/v7e-m+dp/hard/libc_nano.a(lib_a-memmove.o)
 .debug_loc     0x000000000000e50a      0x152 /usr/lib/gcc/arm-none-eabi/9.3.0/../../../../arm-none-eabi/lib/thumb/v7e-m+dp/hard/libc_nano.a(lib_a-nano-freer.o)
 .debug_loc     0x000000000000e65c      0x374 /usr/lib/gcc/arm-none-eabi/9.3.0/../../../../arm-none-eabi/lib/thumb/v7e-m+dp/hard/libc_nano.a(lib_a-nano-mallocr.o)
 .debug_loc     0x000000000000e9d0      0x12d /usr/lib/gcc/arm-none-eabi/9.3.0/../../../../arm-none-eabi/lib/thumb/v7e-m+dp/hard/libc_nano.a(lib_a-nano-reallocr.o)
 .debug_loc     0x000000000000eafd       0x6c /usr/lib/gcc/arm-none-eabi/9.3.0/../../../../arm-none-eabi/lib/thumb/v7e-m+dp/hard/libc_nano.a(lib_a-sbrkr.o)
 .debug_loc     0x000000000000eb69       0x4a /usr/lib/gcc/arm-none-eabi/9.3.0/../../../../arm-none-eabi/lib/thumb/v7e-m+dp/hard/libc_nano.a(lib_a-mlock.o)
 .debug_loc     0x000000000000ebb3       0x86 /usr/lib/gcc/arm-none-eabi/9.3.0/../../../../arm-none-eabi/lib/thumb/v7e-m+dp/hard/libc_nano.a(lib_a-nano-msizer.o)
 .debug_loc     0x000000000000ec39      0x138 /usr/lib/gcc/arm-none-eabi/9.3.0/../../../../arm-none-eabi/lib/thumb/v7e-m+dp/hard/libc_nano.a(lib_a-reent.o)
 .debug_loc     0x000000000000ed71      0xd7e /usr/lib/gcc/arm-none-eabi/9.3.0/thumb/v7e-m+dp/hard/libgcc.a(_udivmoddi4.o)

.debug_aranges  0x0000000000000000      0xe28
 .debug_aranges
                0x0000000000000000       0xa0 build/main.o
 .debug_aranges
                0x00000000000000a0       0x78 build/stm32h7xx_it.o
 .debug_aranges
                0x0000000000000118       0x30 build/stm32h7xx_hal_msp.o
 .debug_aranges
                0x0000000000000148       0xc0 build/stm32h7xx_hal_cortex.o
 .debug_aranges
                0x0000000000000208       0x88 build/stm32h7xx_hal_rcc.o
 .debug_aranges
                0x0000000000000290       0xf8 build/stm32h7xx_hal_rcc_ex.o
 .debug_aranges
                0x0000000000000388       0x58 build/stm32h7xx_hal_gpio.o
 .debug_aranges
                0x00000000000003e0       0xa0 build/stm32h7xx_hal_dma.o
 .debug_aranges
                0x0000000000000480      0x158 build/stm32h7xx_hal_pwr_ex.o
 .debug_aranges
                0x00000000000005d8      0x198 build/stm32h7xx_hal.o
 .debug_aranges
                0x0000000000000770      0x248 build/stm32h7xx_hal_uart.o
 .debug_aranges
                0x00000000000009b8       0xa8 build/stm32h7xx_hal_uart_ex.o
 .debug_aranges
                0x0000000000000a60       0x30 build/system_stm32h7xx.o
 .debug_aranges
                0x0000000000000a90       0x20 build/sysmem.o
 .debug_aranges
                0x0000000000000ab0       0x28 build/startup_stm32h753xx.o
 .debug_aranges
                0x0000000000000ad8       0x20 /usr/lib/gcc/arm-none-eabi/9.3.0/../../../../arm-none-eabi/lib/thumb/v7e-m+dp/hard/libc_nano.a(lib_a-errno.o)
 .debug_aranges
                0x0000000000000af8       0x18 /usr/lib/gcc/arm-none-eabi/9.3.0/../../../../arm-none-eabi/lib/thumb/v7e-m+dp/hard/libc_nano.a(lib_a-impure.o)
 .debug_aranges
                0x0000000000000b10       0x20 /usr/lib/gcc/arm-none-eabi/9.3.0/../../../../arm-none-eabi/lib/thumb/v7e-m+dp/hard/libc_nano.a(lib_a-init.o)
 .debug_aranges
                0x0000000000000b30       0x20 /usr/lib/gcc/arm-none-eabi/9.3.0/../../../../arm-none-eabi/lib/thumb/v7e-m+dp/hard/libc_nano.a(lib_a-memcpy-stub.o)
 .debug_aranges
                0x0000000000000b50       0x20 /usr/lib/gcc/arm-none-eabi/9.3.0/../../../../arm-none-eabi/lib/thumb/v7e-m+dp/hard/libc_nano.a(lib_a-memset.o)
 .debug_aranges
                0x0000000000000b70       0x28 /usr/lib/gcc/arm-none-eabi/9.3.0/../../../../arm-none-eabi/lib/thumb/v7e-m+dp/hard/libc_nano.a(lib_a-sprintf.o)
 .debug_aranges
                0x0000000000000b98       0x20 /usr/lib/gcc/arm-none-eabi/9.3.0/../../../../arm-none-eabi/lib/thumb/v7e-m+dp/hard/libc_nano.a(lib_a-strcat.o)
 .debug_aranges
                0x0000000000000bb8       0x20 /usr/lib/gcc/arm-none-eabi/9.3.0/../../../../arm-none-eabi/lib/thumb/v7e-m+dp/hard/libc_nano.a(lib_a-strcmp.o)
 .debug_aranges
                0x0000000000000bd8       0x20 /usr/lib/gcc/arm-none-eabi/9.3.0/../../../../arm-none-eabi/lib/thumb/v7e-m+dp/hard/libc_nano.a(lib_a-strlen.o)
 .debug_aranges
                0x0000000000000bf8       0x20 /usr/lib/gcc/arm-none-eabi/9.3.0/../../../../arm-none-eabi/lib/thumb/v7e-m+dp/hard/libc_nano.a(lib_a-strncpy.o)
 .debug_aranges
                0x0000000000000c18       0x28 /usr/lib/gcc/arm-none-eabi/9.3.0/../../../../arm-none-eabi/lib/thumb/v7e-m+dp/hard/libc_nano.a(lib_a-lock.o)
 .debug_aranges
                0x0000000000000c40       0x30 /usr/lib/gcc/arm-none-eabi/9.3.0/../../../../arm-none-eabi/lib/thumb/v7e-m+dp/hard/libc_nano.a(lib_a-nano-svfprintf.o)
 .debug_aranges
                0x0000000000000c70       0x28 /usr/lib/gcc/arm-none-eabi/9.3.0/../../../../arm-none-eabi/lib/thumb/v7e-m+dp/hard/libc_nano.a(lib_a-nano-vfprintf_i.o)
 .debug_aranges
                0x0000000000000c98       0x20 /usr/lib/gcc/arm-none-eabi/9.3.0/../../../../arm-none-eabi/lib/thumb/v7e-m+dp/hard/libc_nano.a(lib_a-memchr.o)
 .debug_aranges
                0x0000000000000cb8       0x20 /usr/lib/gcc/arm-none-eabi/9.3.0/../../../../arm-none-eabi/lib/thumb/v7e-m+dp/hard/libc_nano.a(lib_a-memmove.o)
 .debug_aranges
                0x0000000000000cd8       0x20 /usr/lib/gcc/arm-none-eabi/9.3.0/../../../../arm-none-eabi/lib/thumb/v7e-m+dp/hard/libc_nano.a(lib_a-nano-freer.o)
 .debug_aranges
                0x0000000000000cf8       0x20 /usr/lib/gcc/arm-none-eabi/9.3.0/../../../../arm-none-eabi/lib/thumb/v7e-m+dp/hard/libc_nano.a(lib_a-nano-mallocr.o)
 .debug_aranges
                0x0000000000000d18       0x20 /usr/lib/gcc/arm-none-eabi/9.3.0/../../../../arm-none-eabi/lib/thumb/v7e-m+dp/hard/libc_nano.a(lib_a-nano-reallocr.o)
 .debug_aranges
                0x0000000000000d38       0x20 /usr/lib/gcc/arm-none-eabi/9.3.0/../../../../arm-none-eabi/lib/thumb/v7e-m+dp/hard/libc_nano.a(lib_a-sbrkr.o)
 .debug_aranges
                0x0000000000000d58       0x28 /usr/lib/gcc/arm-none-eabi/9.3.0/../../../../arm-none-eabi/lib/thumb/v7e-m+dp/hard/libc_nano.a(lib_a-mlock.o)
 .debug_aranges
                0x0000000000000d80       0x20 /usr/lib/gcc/arm-none-eabi/9.3.0/../../../../arm-none-eabi/lib/thumb/v7e-m+dp/hard/libc_nano.a(lib_a-nano-msizer.o)
 .debug_aranges
                0x0000000000000da0       0x28 /usr/lib/gcc/arm-none-eabi/9.3.0/../../../../arm-none-eabi/lib/thumb/v7e-m+dp/hard/libc_nano.a(lib_a-reent.o)
 .debug_aranges
                0x0000000000000dc8       0x20 /usr/lib/gcc/arm-none-eabi/9.3.0/thumb/v7e-m+dp/hard/libgcc.a(_aeabi_uldivmod.o)
 .debug_aranges
                0x0000000000000de8       0x20 /usr/lib/gcc/arm-none-eabi/9.3.0/thumb/v7e-m+dp/hard/libgcc.a(_udivmoddi4.o)
 .debug_aranges
                0x0000000000000e08       0x20 /usr/lib/gcc/arm-none-eabi/9.3.0/thumb/v7e-m+dp/hard/libgcc.a(_dvmd_tls.o)

.debug_ranges   0x0000000000000000      0xf70
 .debug_ranges  0x0000000000000000      0x168 build/main.o
 .debug_ranges  0x0000000000000168       0x68 build/stm32h7xx_it.o
 .debug_ranges  0x00000000000001d0       0x20 build/stm32h7xx_hal_msp.o
 .debug_ranges  0x00000000000001f0      0x110 build/stm32h7xx_hal_cortex.o
 .debug_ranges  0x0000000000000300       0xe8 build/stm32h7xx_hal_rcc.o
 .debug_ranges  0x00000000000003e8       0xe8 build/stm32h7xx_hal_rcc_ex.o
 .debug_ranges  0x00000000000004d0       0x48 build/stm32h7xx_hal_gpio.o
 .debug_ranges  0x0000000000000518       0xa8 build/stm32h7xx_hal_dma.o
 .debug_ranges  0x00000000000005c0      0x1a8 build/stm32h7xx_hal_pwr_ex.o
 .debug_ranges  0x0000000000000768      0x188 build/stm32h7xx_hal.o
 .debug_ranges  0x00000000000008f0      0x250 build/stm32h7xx_hal_uart.o
 .debug_ranges  0x0000000000000b40       0xb0 build/stm32h7xx_hal_uart_ex.o
 .debug_ranges  0x0000000000000bf0       0x20 build/system_stm32h7xx.o
 .debug_ranges  0x0000000000000c10       0x10 build/sysmem.o
 .debug_ranges  0x0000000000000c20       0x20 build/startup_stm32h753xx.o
 .debug_ranges  0x0000000000000c40       0x10 /usr/lib/gcc/arm-none-eabi/9.3.0/../../../../arm-none-eabi/lib/thumb/v7e-m+dp/hard/libc_nano.a(lib_a-errno.o)
 .debug_ranges  0x0000000000000c50       0x10 /usr/lib/gcc/arm-none-eabi/9.3.0/../../../../arm-none-eabi/lib/thumb/v7e-m+dp/hard/libc_nano.a(lib_a-init.o)
 .debug_ranges  0x0000000000000c60       0x10 /usr/lib/gcc/arm-none-eabi/9.3.0/../../../../arm-none-eabi/lib/thumb/v7e-m+dp/hard/libc_nano.a(lib_a-memcpy-stub.o)
 .debug_ranges  0x0000000000000c70       0x10 /usr/lib/gcc/arm-none-eabi/9.3.0/../../../../arm-none-eabi/lib/thumb/v7e-m+dp/hard/libc_nano.a(lib_a-memset.o)
 .debug_ranges  0x0000000000000c80       0x18 /usr/lib/gcc/arm-none-eabi/9.3.0/../../../../arm-none-eabi/lib/thumb/v7e-m+dp/hard/libc_nano.a(lib_a-sprintf.o)
 .debug_ranges  0x0000000000000c98       0x10 /usr/lib/gcc/arm-none-eabi/9.3.0/../../../../arm-none-eabi/lib/thumb/v7e-m+dp/hard/libc_nano.a(lib_a-strcat.o)
 .debug_ranges  0x0000000000000ca8       0x10 /usr/lib/gcc/arm-none-eabi/9.3.0/../../../../arm-none-eabi/lib/thumb/v7e-m+dp/hard/libc_nano.a(lib_a-strncpy.o)
 .debug_ranges  0x0000000000000cb8       0x18 /usr/lib/gcc/arm-none-eabi/9.3.0/../../../../arm-none-eabi/lib/thumb/v7e-m+dp/hard/libc_nano.a(lib_a-lock.o)
 .debug_ranges  0x0000000000000cd0       0x60 /usr/lib/gcc/arm-none-eabi/9.3.0/../../../../arm-none-eabi/lib/thumb/v7e-m+dp/hard/libc_nano.a(lib_a-nano-svfprintf.o)
 .debug_ranges  0x0000000000000d30       0x90 /usr/lib/gcc/arm-none-eabi/9.3.0/../../../../arm-none-eabi/lib/thumb/v7e-m+dp/hard/libc_nano.a(lib_a-nano-vfprintf_i.o)
 .debug_ranges  0x0000000000000dc0       0x10 /usr/lib/gcc/arm-none-eabi/9.3.0/../../../../arm-none-eabi/lib/thumb/v7e-m+dp/hard/libc_nano.a(lib_a-memmove.o)
 .debug_ranges  0x0000000000000dd0       0x28 /usr/lib/gcc/arm-none-eabi/9.3.0/../../../../arm-none-eabi/lib/thumb/v7e-m+dp/hard/libc_nano.a(lib_a-nano-freer.o)
 .debug_ranges  0x0000000000000df8       0x48 /usr/lib/gcc/arm-none-eabi/9.3.0/../../../../arm-none-eabi/lib/thumb/v7e-m+dp/hard/libc_nano.a(lib_a-nano-mallocr.o)
 .debug_ranges  0x0000000000000e40       0x10 /usr/lib/gcc/arm-none-eabi/9.3.0/../../../../arm-none-eabi/lib/thumb/v7e-m+dp/hard/libc_nano.a(lib_a-nano-reallocr.o)
 .debug_ranges  0x0000000000000e50       0x10 /usr/lib/gcc/arm-none-eabi/9.3.0/../../../../arm-none-eabi/lib/thumb/v7e-m+dp/hard/libc_nano.a(lib_a-sbrkr.o)
 .debug_ranges  0x0000000000000e60       0x18 /usr/lib/gcc/arm-none-eabi/9.3.0/../../../../arm-none-eabi/lib/thumb/v7e-m+dp/hard/libc_nano.a(lib_a-mlock.o)
 .debug_ranges  0x0000000000000e78       0x10 /usr/lib/gcc/arm-none-eabi/9.3.0/../../../../arm-none-eabi/lib/thumb/v7e-m+dp/hard/libc_nano.a(lib_a-nano-msizer.o)
 .debug_ranges  0x0000000000000e88       0x30 /usr/lib/gcc/arm-none-eabi/9.3.0/../../../../arm-none-eabi/lib/thumb/v7e-m+dp/hard/libc_nano.a(lib_a-reent.o)
 .debug_ranges  0x0000000000000eb8       0xb8 /usr/lib/gcc/arm-none-eabi/9.3.0/thumb/v7e-m+dp/hard/libgcc.a(_udivmoddi4.o)

.debug_line     0x0000000000000000    0x13ed7
 .debug_line    0x0000000000000000      0xd4d build/main.o
 .debug_line    0x0000000000000d4d      0x376 build/stm32h7xx_it.o
 .debug_line    0x00000000000010c3      0x438 build/stm32h7xx_hal_msp.o
 .debug_line    0x00000000000014fb      0x83b build/stm32h7xx_hal_cortex.o
 .debug_line    0x0000000000001d36     0x12cf build/stm32h7xx_hal_rcc.o
 .debug_line    0x0000000000003005     0x2000 build/stm32h7xx_hal_rcc_ex.o
 .debug_line    0x0000000000005005      0x786 build/stm32h7xx_hal_gpio.o
 .debug_line    0x000000000000578b     0x2476 build/stm32h7xx_hal_dma.o
 .debug_line    0x0000000000007c01      0xaf7 build/stm32h7xx_hal_pwr_ex.o
 .debug_line    0x00000000000086f8      0x90f build/stm32h7xx_hal.o
 .debug_line    0x0000000000009007     0x680e build/stm32h7xx_hal_uart.o
 .debug_line    0x000000000000f815      0xcce build/stm32h7xx_hal_uart_ex.o
 .debug_line    0x00000000000104e3      0x4cf build/system_stm32h7xx.o
 .debug_line    0x00000000000109b2      0x158 build/sysmem.o
 .debug_line    0x0000000000010b0a       0x77 build/startup_stm32h753xx.o
 .debug_line    0x0000000000010b81      0x103 /usr/lib/gcc/arm-none-eabi/9.3.0/../../../../arm-none-eabi/lib/thumb/v7e-m+dp/hard/libc_nano.a(lib_a-errno.o)
 .debug_line    0x0000000000010c84       0xe1 /usr/lib/gcc/arm-none-eabi/9.3.0/../../../../arm-none-eabi/lib/thumb/v7e-m+dp/hard/libc_nano.a(lib_a-impure.o)
 .debug_line    0x0000000000010d65      0x140 /usr/lib/gcc/arm-none-eabi/9.3.0/../../../../arm-none-eabi/lib/thumb/v7e-m+dp/hard/libc_nano.a(lib_a-init.o)
 .debug_line    0x0000000000010ea5      0x1d3 /usr/lib/gcc/arm-none-eabi/9.3.0/../../../../arm-none-eabi/lib/thumb/v7e-m+dp/hard/libc_nano.a(lib_a-memcpy-stub.o)
 .debug_line    0x0000000000011078      0x1c0 /usr/lib/gcc/arm-none-eabi/9.3.0/../../../../arm-none-eabi/lib/thumb/v7e-m+dp/hard/libc_nano.a(lib_a-memset.o)
 .debug_line    0x0000000000011238      0x228 /usr/lib/gcc/arm-none-eabi/9.3.0/../../../../arm-none-eabi/lib/thumb/v7e-m+dp/hard/libc_nano.a(lib_a-sprintf.o)
 .debug_line    0x0000000000011460      0x171 /usr/lib/gcc/arm-none-eabi/9.3.0/../../../../arm-none-eabi/lib/thumb/v7e-m+dp/hard/libc_nano.a(lib_a-strcat.o)
 .debug_line    0x00000000000115d1       0x7b /usr/lib/gcc/arm-none-eabi/9.3.0/../../../../arm-none-eabi/lib/thumb/v7e-m+dp/hard/libc_nano.a(lib_a-strcmp.o)
 .debug_line    0x000000000001164c       0x7b /usr/lib/gcc/arm-none-eabi/9.3.0/../../../../arm-none-eabi/lib/thumb/v7e-m+dp/hard/libc_nano.a(lib_a-strlen.o)
 .debug_line    0x00000000000116c7      0x174 /usr/lib/gcc/arm-none-eabi/9.3.0/../../../../arm-none-eabi/lib/thumb/v7e-m+dp/hard/libc_nano.a(lib_a-strncpy.o)
 .debug_line    0x000000000001183b       0xbf /usr/lib/gcc/arm-none-eabi/9.3.0/../../../../arm-none-eabi/lib/thumb/v7e-m+dp/hard/libc_nano.a(lib_a-lock.o)
 .debug_line    0x00000000000118fa      0x801 /usr/lib/gcc/arm-none-eabi/9.3.0/../../../../arm-none-eabi/lib/thumb/v7e-m+dp/hard/libc_nano.a(lib_a-nano-svfprintf.o)
 .debug_line    0x00000000000120fb      0x6e7 /usr/lib/gcc/arm-none-eabi/9.3.0/../../../../arm-none-eabi/lib/thumb/v7e-m+dp/hard/libc_nano.a(lib_a-nano-vfprintf_i.o)
 .debug_line    0x00000000000127e2       0xa4 /usr/lib/gcc/arm-none-eabi/9.3.0/../../../../arm-none-eabi/lib/thumb/v7e-m+dp/hard/libc_nano.a(lib_a-memchr.o)
 .debug_line    0x0000000000012886      0x203 /usr/lib/gcc/arm-none-eabi/9.3.0/../../../../arm-none-eabi/lib/thumb/v7e-m+dp/hard/libc_nano.a(lib_a-memmove.o)
 .debug_line    0x0000000000012a89      0x29a /usr/lib/gcc/arm-none-eabi/9.3.0/../../../../arm-none-eabi/lib/thumb/v7e-m+dp/hard/libc_nano.a(lib_a-nano-freer.o)
 .debug_line    0x0000000000012d23      0x2b9 /usr/lib/gcc/arm-none-eabi/9.3.0/../../../../arm-none-eabi/lib/thumb/v7e-m+dp/hard/libc_nano.a(lib_a-nano-mallocr.o)
 .debug_line    0x0000000000012fdc      0x1b8 /usr/lib/gcc/arm-none-eabi/9.3.0/../../../../arm-none-eabi/lib/thumb/v7e-m+dp/hard/libc_nano.a(lib_a-nano-reallocr.o)
 .debug_line    0x0000000000013194      0x17b /usr/lib/gcc/arm-none-eabi/9.3.0/../../../../arm-none-eabi/lib/thumb/v7e-m+dp/hard/libc_nano.a(lib_a-sbrkr.o)
 .debug_line    0x000000000001330f      0x14d /usr/lib/gcc/arm-none-eabi/9.3.0/../../../../arm-none-eabi/lib/thumb/v7e-m+dp/hard/libc_nano.a(lib_a-mlock.o)
 .debug_line    0x000000000001345c      0x162 /usr/lib/gcc/arm-none-eabi/9.3.0/../../../../arm-none-eabi/lib/thumb/v7e-m+dp/hard/libc_nano.a(lib_a-nano-msizer.o)
 .debug_line    0x00000000000135be      0x273 /usr/lib/gcc/arm-none-eabi/9.3.0/../../../../arm-none-eabi/lib/thumb/v7e-m+dp/hard/libc_nano.a(lib_a-reent.o)
 .debug_line    0x0000000000013831       0x60 /usr/lib/gcc/arm-none-eabi/9.3.0/thumb/v7e-m+dp/hard/libgcc.a(_aeabi_uldivmod.o)
 .debug_line    0x0000000000013891      0x5e6 /usr/lib/gcc/arm-none-eabi/9.3.0/thumb/v7e-m+dp/hard/libgcc.a(_udivmoddi4.o)
 .debug_line    0x0000000000013e77       0x60 /usr/lib/gcc/arm-none-eabi/9.3.0/thumb/v7e-m+dp/hard/libgcc.a(_dvmd_tls.o)

.debug_str      0x0000000000000000     0x6f38
 .debug_str     0x0000000000000000     0x1dc6 build/main.o
                                       0x1f9a (size before relaxing)
 .debug_str     0x0000000000001dc6      0x11d build/stm32h7xx_it.o
                                        0xeb0 (size before relaxing)
 .debug_str     0x0000000000001ee3      0x400 build/stm32h7xx_hal_msp.o
                                       0x1cf4 (size before relaxing)
 .debug_str     0x00000000000022e3      0x517 build/stm32h7xx_hal_cortex.o
                                       0x16fe (size before relaxing)
 .debug_str     0x00000000000027fa      0x35a build/stm32h7xx_hal_rcc.o
                                       0x1046 (size before relaxing)
 .debug_str     0x0000000000002b54      0x66b build/stm32h7xx_hal_rcc_ex.o
                                       0x1570 (size before relaxing)
 .debug_str     0x00000000000031bf       0xe6 build/stm32h7xx_hal_gpio.o
                                        0xd4c (size before relaxing)
 .debug_str     0x00000000000032a5      0x3f8 build/stm32h7xx_hal_dma.o
                                        0xffe (size before relaxing)
 .debug_str     0x000000000000369d      0x54a build/stm32h7xx_hal_pwr_ex.o
                                       0x10ca (size before relaxing)
 .debug_str     0x0000000000003be7      0x565 build/stm32h7xx_hal.o
                                       0x1a89 (size before relaxing)
 .debug_str     0x000000000000414c      0x82d build/stm32h7xx_hal_uart.o
                                       0x1aba (size before relaxing)
 .debug_str     0x0000000000004979      0x229 build/stm32h7xx_hal_uart_ex.o
                                       0x11c3 (size before relaxing)
 .debug_str     0x0000000000004ba2       0x4a build/system_stm32h7xx.o
                                        0xdc0 (size before relaxing)
 .debug_str     0x0000000000004bec       0x91 build/sysmem.o
                                        0x5f1 (size before relaxing)
 .debug_str     0x0000000000004c7d       0x22 build/startup_stm32h753xx.o
                                         0x55 (size before relaxing)
 .debug_str     0x0000000000004c9f      0x190 /usr/lib/gcc/arm-none-eabi/9.3.0/../../../../arm-none-eabi/lib/thumb/v7e-m+dp/hard/libc_nano.a(lib_a-errno.o)
                                        0x5e4 (size before relaxing)
 .debug_str     0x0000000000004e2f       0x9e /usr/lib/gcc/arm-none-eabi/9.3.0/../../../../arm-none-eabi/lib/thumb/v7e-m+dp/hard/libc_nano.a(lib_a-impure.o)
                                        0x5d2 (size before relaxing)
 .debug_str     0x0000000000004ecd       0xee /usr/lib/gcc/arm-none-eabi/9.3.0/../../../../arm-none-eabi/lib/thumb/v7e-m+dp/hard/libc_nano.a(lib_a-init.o)
                                        0x21c (size before relaxing)
 .debug_str     0x0000000000004fbb      0x32f /usr/lib/gcc/arm-none-eabi/9.3.0/../../../../arm-none-eabi/lib/thumb/v7e-m+dp/hard/libc_nano.a(lib_a-memcpy-stub.o)
                                        0x911 (size before relaxing)
 .debug_str     0x00000000000052ea       0x94 /usr/lib/gcc/arm-none-eabi/9.3.0/../../../../arm-none-eabi/lib/thumb/v7e-m+dp/hard/libc_nano.a(lib_a-memset.o)
                                        0x8eb (size before relaxing)
 .debug_str     0x000000000000537e      0x1e9 /usr/lib/gcc/arm-none-eabi/9.3.0/../../../../arm-none-eabi/lib/thumb/v7e-m+dp/hard/libc_nano.a(lib_a-sprintf.o)
                                        0x74d (size before relaxing)
 .debug_str     0x0000000000005567       0x34 /usr/lib/gcc/arm-none-eabi/9.3.0/../../../../arm-none-eabi/lib/thumb/v7e-m+dp/hard/libc_nano.a(lib_a-strcat.o)
                                        0x5cf (size before relaxing)
 .debug_str     0x000000000000559b       0x45 /usr/lib/gcc/arm-none-eabi/9.3.0/../../../../arm-none-eabi/lib/thumb/v7e-m+dp/hard/libc_nano.a(lib_a-strcmp.o)
                                         0xb6 (size before relaxing)
 .debug_str     0x00000000000055e0       0x46 /usr/lib/gcc/arm-none-eabi/9.3.0/../../../../arm-none-eabi/lib/thumb/v7e-m+dp/hard/libc_nano.a(lib_a-strlen.o)
                                         0xb7 (size before relaxing)
 .debug_str     0x0000000000005626       0x41 /usr/lib/gcc/arm-none-eabi/9.3.0/../../../../arm-none-eabi/lib/thumb/v7e-m+dp/hard/libc_nano.a(lib_a-strncpy.o)
                                        0x5f4 (size before relaxing)
 .debug_str     0x0000000000005667      0x249 /usr/lib/gcc/arm-none-eabi/9.3.0/../../../../arm-none-eabi/lib/thumb/v7e-m+dp/hard/libc_nano.a(lib_a-lock.o)
                                        0x34d (size before relaxing)
 .debug_str     0x00000000000058b0      0x159 /usr/lib/gcc/arm-none-eabi/9.3.0/../../../../arm-none-eabi/lib/thumb/v7e-m+dp/hard/libc_nano.a(lib_a-nano-svfprintf.o)
                                        0xc22 (size before relaxing)
 .debug_str     0x0000000000005a09       0x8d /usr/lib/gcc/arm-none-eabi/9.3.0/../../../../arm-none-eabi/lib/thumb/v7e-m+dp/hard/libc_nano.a(lib_a-nano-vfprintf_i.o)
                                        0xbb9 (size before relaxing)
 .debug_str     0x0000000000005a96       0x3c /usr/lib/gcc/arm-none-eabi/9.3.0/../../../../arm-none-eabi/lib/thumb/v7e-m+dp/hard/libc_nano.a(lib_a-memchr.o)
                                         0xad (size before relaxing)
 .debug_str     0x0000000000005ad2       0x4e /usr/lib/gcc/arm-none-eabi/9.3.0/../../../../arm-none-eabi/lib/thumb/v7e-m+dp/hard/libc_nano.a(lib_a-memmove.o)
                                        0x906 (size before relaxing)
 .debug_str     0x0000000000005b20      0x180 /usr/lib/gcc/arm-none-eabi/9.3.0/../../../../arm-none-eabi/lib/thumb/v7e-m+dp/hard/libc_nano.a(lib_a-nano-freer.o)
                                        0x702 (size before relaxing)
 .debug_str     0x0000000000005ca0       0x32 /usr/lib/gcc/arm-none-eabi/9.3.0/../../../../arm-none-eabi/lib/thumb/v7e-m+dp/hard/libc_nano.a(lib_a-nano-mallocr.o)
                                        0x719 (size before relaxing)
 .debug_str     0x0000000000005cd2       0x23 /usr/lib/gcc/arm-none-eabi/9.3.0/../../../../arm-none-eabi/lib/thumb/v7e-m+dp/hard/libc_nano.a(lib_a-nano-reallocr.o)
                                        0x6ff (size before relaxing)
 .debug_str     0x0000000000005cf5       0x32 /usr/lib/gcc/arm-none-eabi/9.3.0/../../../../arm-none-eabi/lib/thumb/v7e-m+dp/hard/libc_nano.a(lib_a-sbrkr.o)
                                        0x615 (size before relaxing)
 .debug_str     0x0000000000005d27       0x33 /usr/lib/gcc/arm-none-eabi/9.3.0/../../../../arm-none-eabi/lib/thumb/v7e-m+dp/hard/libc_nano.a(lib_a-mlock.o)
                                        0x662 (size before relaxing)
 .debug_str     0x0000000000005d5a        0xf /usr/lib/gcc/arm-none-eabi/9.3.0/../../../../arm-none-eabi/lib/thumb/v7e-m+dp/hard/libc_nano.a(lib_a-nano-msizer.o)
                                        0x6dd (size before relaxing)
 .debug_str     0x0000000000005d69       0x5e /usr/lib/gcc/arm-none-eabi/9.3.0/../../../../arm-none-eabi/lib/thumb/v7e-m+dp/hard/libc_nano.a(lib_a-reent.o)
                                        0x60e (size before relaxing)
 .debug_str     0x0000000000005dc7       0x6f /usr/lib/gcc/arm-none-eabi/9.3.0/thumb/v7e-m+dp/hard/libgcc.a(_aeabi_uldivmod.o)
                                         0x7b (size before relaxing)
 .debug_str     0x0000000000005e36     0x10d2 /usr/lib/gcc/arm-none-eabi/9.3.0/thumb/v7e-m+dp/hard/libgcc.a(_udivmoddi4.o)
                                       0x11af (size before relaxing)
 .debug_str     0x0000000000006f08       0x30 /usr/lib/gcc/arm-none-eabi/9.3.0/thumb/v7e-m+dp/hard/libgcc.a(_dvmd_tls.o)
                                         0x7f (size before relaxing)

.debug_frame    0x0000000000000000     0x22e8
 .debug_frame   0x0000000000000000      0x240 build/main.o
 .debug_frame   0x0000000000000240      0x100 build/stm32h7xx_it.o